[INFO] Scanning for projects...
[INFO] 
[INFO] ----------------< org.decisionmodel:decisionmodel-java >----------------
[INFO] Building DecisionModel Java 0.2.0
[INFO]   from pom.xml
[INFO] --------------------------------[ jar ]---------------------------------
[INFO] 
[INFO] --- resources:3.4.0:resources (default-resources) @ decisionmodel-java ---
[INFO] Copying 1 resource from src/main/resources to target/classes
[INFO] 
[INFO] --- compiler:3.14.1:compile (default-compile) @ decisionmodel-java ---
[INFO] Recompiling the module because of changed source code.
[INFO] Compiling 7 source files with javac [debug release 17] to target/classes
[INFO] 
[INFO] --- resources:3.4.0:testResources (default-testResources) @ decisionmodel-java ---
[INFO] skip non existing resourceDirectory /Users/ace/Desktop/prjx/DecisionModel/java/src/test/resources
[INFO] 
[INFO] --- compiler:3.14.1:testCompile (default-testCompile) @ decisionmodel-java ---
[INFO] Recompiling the module because of changed dependency.
[INFO] Compiling 3 source files with javac [debug release 17] to target/test-classes
[INFO] 
[INFO] --- surefire:3.5.4:test (default-test) @ decisionmodel-java ---
[INFO] Using auto detected provider org.apache.maven.surefire.junitplatform.JUnitPlatformProvider
[WARNING] System property [decisionmodel.bundle] overwritten by user properties from Maven session
[INFO] 
[INFO] -------------------------------------------------------
[INFO]  T E S T S
[INFO] -------------------------------------------------------
[INFO] Running org.decisionmodel.DecisionModelTest
[INFO] Tests run: 4, Failures: 0, Errors: 0, Skipped: 0, Time elapsed: 0.217 s -- in org.decisionmodel.DecisionModelTest
[INFO] Running org.decisionmodel.DecisionModelIntegrationTest
[INFO] Tests run: 6, Failures: 0, Errors: 0, Skipped: 0, Time elapsed: 2.967 s -- in org.decisionmodel.DecisionModelIntegrationTest
[INFO] Running org.decisionmodel.DecisionsTest
[INFO] Tests run: 3, Failures: 0, Errors: 0, Skipped: 0, Time elapsed: 0.007 s -- in org.decisionmodel.DecisionsTest
[INFO] 
[INFO] Results:
[INFO] 
[INFO] Tests run: 13, Failures: 0, Errors: 0, Skipped: 0
[INFO] 
[INFO] 
[INFO] --- jar:3.4.2:jar (default-jar) @ decisionmodel-java ---
[INFO] Building jar: /Users/ace/Desktop/prjx/DecisionModel/java/target/decisionmodel-java-0.2.0.jar
[INFO] 
[INFO] --- jar:3.4.2:jar (native-bundle) @ decisionmodel-java ---
[INFO] Building jar: /Users/ace/Desktop/prjx/DecisionModel/java/target/decisionmodel-java-0.2.0-macos-arm64.jar
[INFO] 
[INFO] --- source:3.3.1:jar-no-fork (sources) @ decisionmodel-java ---
[INFO] Building jar: /Users/ace/Desktop/prjx/DecisionModel/java/target/decisionmodel-java-0.2.0-sources.jar
[INFO] 
[INFO] --- javadoc:3.11.2:jar (javadoc) @ decisionmodel-java ---
[INFO] Skipping javadoc generation, everything is up to date.
[INFO] Building jar: /Users/ace/Desktop/prjx/DecisionModel/java/target/decisionmodel-java-0.2.0-javadoc.jar
[INFO] 
[INFO] --- install:3.1.4:install (default-install) @ decisionmodel-java ---
[INFO] Installing /Users/ace/Desktop/prjx/DecisionModel/java/pom.xml to /Users/ace/Desktop/prjx/DecisionModel/tools/maven-repository/org/decisionmodel/decisionmodel-java/0.2.0/decisionmodel-java-0.2.0.pom
[INFO] Installing /Users/ace/Desktop/prjx/DecisionModel/java/target/decisionmodel-java-0.2.0.jar to /Users/ace/Desktop/prjx/DecisionModel/tools/maven-repository/org/decisionmodel/decisionmodel-java/0.2.0/decisionmodel-java-0.2.0.jar
[INFO] Installing /Users/ace/Desktop/prjx/DecisionModel/java/target/decisionmodel-java-0.2.0-macos-arm64.jar to /Users/ace/Desktop/prjx/DecisionModel/tools/maven-repository/org/decisionmodel/decisionmodel-java/0.2.0/decisionmodel-java-0.2.0-macos-arm64.jar
[INFO] Installing /Users/ace/Desktop/prjx/DecisionModel/java/target/decisionmodel-java-0.2.0-sources.jar to /Users/ace/Desktop/prjx/DecisionModel/tools/maven-repository/org/decisionmodel/decisionmodel-java/0.2.0/decisionmodel-java-0.2.0-sources.jar
[INFO] Installing /Users/ace/Desktop/prjx/DecisionModel/java/target/decisionmodel-java-0.2.0-javadoc.jar to /Users/ace/Desktop/prjx/DecisionModel/tools/maven-repository/org/decisionmodel/decisionmodel-java/0.2.0/decisionmodel-java-0.2.0-javadoc.jar
[INFO] ------------------------------------------------------------------------
[INFO] BUILD SUCCESS
[INFO] ------------------------------------------------------------------------
[INFO] Total time:  16.210 s
[INFO] Finished at: 2026-09-17T17:05:37+01:00
[INFO] ------------------------------------------------------------------------
Java artifacts: /Users/ace/Desktop/prjx/DecisionModel/released/java
