Downloading onnxruntime (15.7MiB)
 Downloaded onnxruntime
Installed 9 packages in 410ms
    Updating crates.io index
 Downloading crates ...
  Downloaded ahash v0.8.12
  Downloaded block-buffer v0.10.4
  Downloaded crypto-common v0.1.7
  Downloaded cfg-if v1.0.5
  Downloaded cpufeatures v0.2.17
  Downloaded derive_builder_macro v0.20.2
  Downloaded castaway v0.2.4
  Downloaded darling_macro v0.20.11
  Downloaded macro_rules_attribute v0.2.3
  Downloaded itoa v1.0.18
  Downloaded dary_heap v0.3.9
  Downloaded digest v0.10.7
  Downloaded autocfg v1.5.1
  Downloaded ident_case v1.0.1
  Downloaded macro_rules_attribute-proc_macro v0.2.3
  Downloaded either v1.18.0
  Downloaded num-complex v0.4.6
  Downloaded pkg-config v0.3.34
  Downloaded crossbeam-deque v0.8.8
  Downloaded crossbeam-utils v0.8.23
  Downloaded darling v0.20.11
  Downloaded derive_builder v0.20.2
  Downloaded derive_builder_core v0.20.2
  Downloaded fnv v1.0.7
  Downloaded generic-array v0.14.7
  Downloaded monostate-impl v0.1.18
  Downloaded pastey v0.2.3
  Downloaded pin-project-lite v0.2.17
  Downloaded quote v1.0.47
  Downloaded strsim v0.11.1
  Downloaded find-msvc-tools v0.1.12
  Downloaded monostate v0.1.18
  Downloaded paste v1.0.15
  Downloaded ppv-lite86 v0.2.21
  Downloaded rand_chacha v0.9.0
  Downloaded rand_core v0.9.5
  Downloaded rawpointer v0.2.1
  Downloaded rayon-cond v0.4.0
  Downloaded smallvec v2.0.0-alpha.10
  Downloaded thiserror v2.0.20
  Downloaded thiserror-impl v2.0.20
  Downloaded version_check v0.9.5
  Downloaded crossbeam-epoch v0.9.21
  Downloaded num-integer v0.1.47
  Downloaded onig v6.5.3
  Downloaded rustversion v1.0.23
  Downloaded static_assertions v1.1.0
  Downloaded libloading v0.8.9
  Downloaded sha2 v0.10.9
  Downloaded shlex v2.0.1
  Downloaded zmij v1.0.23
  Downloaded base64 v0.13.1
  Downloaded bitflags v2.13.2
  Downloaded darling_core v0.20.11
  Downloaded num-traits v0.2.19
  Downloaded once_cell v1.21.4
  Downloaded ort-sys v2.0.0-rc.10
  Downloaded proc-macro2 v1.0.107
  Downloaded ryu v1.0.23
  Downloaded serde_core v1.0.229
  Downloaded smallvec v1.16.1
  Downloaded unicode-ident v1.0.26
  Downloaded cc v1.4.6
  Downloaded compact_str v0.9.1
  Downloaded getrandom v0.3.4
  Downloaded log v0.4.34
  Downloaded matrixmultiply v0.3.11
  Downloaded rayon-core v1.13.0
  Downloaded serde_derive v1.0.229
  Downloaded aho-corasick v1.1.5
  Downloaded serde v1.0.229
  Downloaded tracing-core v0.1.36
  Downloaded unicode-normalization-alignments v0.1.12
  Downloaded unicode-segmentation v1.13.3
  Downloaded unicode_categories v0.1.1
  Downloaded memchr v2.8.3
  Downloaded minimal-lexical v0.2.1
  Downloaded nom v7.1.3
  Downloaded rand v0.9.5
  Downloaded typenum v1.20.1
  Downloaded ort v2.0.0-rc.10
  Downloaded serde_json v1.0.151
  Downloaded itertools v0.14.0
  Downloaded rayon v1.12.0
  Downloaded regex v1.13.1
  Downloaded esaxx-rs v0.1.10
  Downloaded tokenizers v0.21.4
  Downloaded zerocopy v0.8.57
  Downloaded ndarray v0.16.1
  Downloaded syn v3.0.6
  Downloaded syn v2.0.119
  Downloaded regex-syntax v0.8.11
  Downloaded tracing v0.1.44
  Downloaded spm_precompiled v0.1.4
  Downloaded regex-automata v0.4.18
  Downloaded onig_sys v69.9.3
  Downloaded libc v0.2.189
   Compiling proc-macro2 v1.0.107
   Compiling unicode-ident v1.0.26
   Compiling quote v1.0.47
   Compiling version_check v0.9.5
   Compiling serde_core v1.0.229
   Compiling cfg-if v1.0.5
   Compiling autocfg v1.5.1
   Compiling pkg-config v0.3.34
   Compiling libc v0.2.189
   Compiling crossbeam-utils v0.8.23
   Compiling strsim v0.11.1
   Compiling serde v1.0.229
   Compiling zerocopy v0.8.57
   Compiling ident_case v1.0.1
   Compiling fnv v1.0.7
   Compiling crossbeam-epoch v0.9.21
   Compiling memchr v2.8.3
   Compiling getrandom v0.3.4
   Compiling crossbeam-deque v0.8.8
   Compiling generic-array v0.14.7
   Compiling shlex v2.0.1
   Compiling num-traits v0.2.19
   Compiling find-msvc-tools v0.1.12
   Compiling rayon-core v1.13.0
   Compiling rustversion v1.0.23
   Compiling typenum v1.20.1
   Compiling cc v1.4.6
   Compiling matrixmultiply v0.3.11
   Compiling either v1.18.0
   Compiling zmij v1.0.23
   Compiling syn v3.0.6
   Compiling syn v2.0.119
   Compiling aho-corasick v1.1.5
   Compiling rand_core v0.9.5
   Compiling ort-sys v2.0.0-rc.10
   Compiling ahash v0.8.12
   Compiling thiserror v2.0.20
   Compiling regex-syntax v0.8.11
   Compiling minimal-lexical v0.2.1
   Compiling serde_json v1.0.151
   Compiling paste v1.0.15
   Compiling itoa v1.0.18
   Compiling once_cell v1.21.4
   Compiling rawpointer v0.2.1
   Compiling esaxx-rs v0.1.10
   Compiling crypto-common v0.1.7
   Compiling block-buffer v0.10.4
   Compiling onig_sys v69.9.3
   Compiling rayon v1.12.0
   Compiling nom v7.1.3
   Compiling castaway v0.2.4
   Compiling num-integer v0.1.47
   Compiling num-complex v0.4.6
   Compiling itertools v0.14.0
   Compiling unicode-segmentation v1.13.3
   Compiling static_assertions v1.1.0
   Compiling base64 v0.13.1
   Compiling serde_derive v1.0.229
   Compiling regex-automata v0.4.18
   Compiling darling_core v0.20.11
   Compiling thiserror-impl v2.0.20
   Compiling ppv-lite86 v0.2.21
   Compiling macro_rules_attribute-proc_macro v0.2.3
   Compiling rand_chacha v0.9.0
   Compiling smallvec v1.16.1
   Compiling ryu v1.0.23
   Compiling pastey v0.2.3
   Compiling bitflags v2.13.2
   Compiling unicode-normalization-alignments v0.1.12
   Compiling macro_rules_attribute v0.2.3
   Compiling rand v0.9.5
   Compiling rayon-cond v0.4.0
   Compiling ndarray v0.16.1
   Compiling monostate-impl v0.1.18
   Compiling monostate v0.1.18
   Compiling digest v0.10.7
   Compiling libloading v0.8.9
   Compiling log v0.4.34
   Compiling cpufeatures v0.2.17
   Compiling regex v1.13.1
   Compiling smallvec v2.0.0-alpha.10
   Compiling unicode_categories v0.1.1
   Compiling sha2 v0.10.9
   Compiling darling_macro v0.20.11
   Compiling darling v0.20.11
   Compiling derive_builder_core v0.20.2
   Compiling dary_heap v0.3.9
   Compiling spm_precompiled v0.1.4
   Compiling compact_str v0.9.1
   Compiling derive_builder_macro v0.20.2
   Compiling derive_builder v0.20.2
   Compiling ort v2.0.0-rc.10
   Compiling onig v6.5.3
   Compiling tokenizers v0.21.4
   Compiling decisiongator v0.1.0 (/home/ace/DecisionGator-build-20260917-1813/code)
    Finished `release` profile [optimized] target(s) in 2m 38s
     Running unittests src/lib.rs (code/target/release/deps/decisiongator-9d56d0c4278d02cd)

running 6 tests
test tests::template_versions_preserve_pair_order_and_criteria ... ok
test tests::unsupported_templates_and_empty_criteria_are_rejected ... ok
test tests::invalid_text_and_missing_bundle_are_rejected ... ok
test tests::errors_can_be_copied_without_being_cleared ... ok
test tests::invalid_abi_inputs_do_not_write_probability ... ok
test tests::panic_is_contained_at_boundary ... ok

test result: ok. 6 passed; 0 failed; 0 ignored; 0 measured; 0 filtered out; finished in 0.00s

   Doc-tests decisiongator

running 0 tests

test result: ok. 0 passed; 0 failed; 0 ignored; 0 measured; 0 filtered out; finished in 0.00s

    Finished `release` profile [optimized] target(s) in 0.34s
p_yes=0.995962204
{
  "checks": 144,
  "status": "passed",
  "unicode_criteria_p_yes": 0.06147636451457195
}
{
  "status": "passed",
  "platform": "Linux-7.1.8-arch1-3-x86_64-with-glibc2.44",
  "cases": 81,
  "max_absolute_difference": 3.0455886942393207e-06,
  "boolean_disagreements": [],
  "seconds": 14.048014935106039
}
Built and tested bundle: /home/ace/DecisionGator-build-20260917-1813/released/linux-x64
