[INFO] Scanning for projects...
[INFO] 
[INFO] -----------------< org.decisiongator:decisiongator-java >-----------------
[INFO] Building DecisionGator Java 0.4.1
[INFO]   from pom.xml
[INFO] --------------------------------[ jar ]---------------------------------
[INFO] 
[INFO] --- resources:3.4.0:resources (default-resources) @ decisiongator-java ---
[INFO] Copying 1 resource from src/main/resources to target/classes
[INFO] 
[INFO] --- compiler:3.14.1:compile (default-compile) @ decisiongator-java ---
[INFO] Recompiling the module because of changed source code.
[INFO] Compiling 8 source files with javac [debug release 17] to target/classes
[INFO] 
[INFO] --- resources:3.4.0:testResources (default-testResources) @ decisiongator-java ---
[INFO] skip non existing resourceDirectory /home/ace/DecisionGator-build-20260923/java/src/test/resources
[INFO] 
[INFO] --- compiler:3.14.1:testCompile (default-testCompile) @ decisiongator-java ---
[INFO] Recompiling the module because of changed dependency.
[INFO] Compiling 4 source files with javac [debug release 17] to target/test-classes
[INFO] /home/ace/DecisionGator-build-20260923/java/src/test/java/org/decisiongator/DecisionsTest.java: /home/ace/DecisionGator-build-20260923/java/src/test/java/org/decisiongator/DecisionsTest.java uses unchecked or unsafe operations.
[INFO] /home/ace/DecisionGator-build-20260923/java/src/test/java/org/decisiongator/DecisionsTest.java: Recompile with -Xlint:unchecked for details.
[INFO] 
[INFO] --- surefire:3.5.4:test (default-test) @ decisiongator-java ---
[INFO] Using auto detected provider org.apache.maven.surefire.junitplatform.JUnitPlatformProvider
[WARNING] System property [decisiongator.bundle] overwritten by user properties from Maven session
[INFO] 
[INFO] -------------------------------------------------------
[INFO]  T E S T S
[INFO] -------------------------------------------------------
[INFO] Running org.decisiongator.DecisionGatorChoiceIntegrationTest
[INFO] Tests run: 6, Failures: 0, Errors: 0, Skipped: 0, Time elapsed: 54.27 s -- in org.decisiongator.DecisionGatorChoiceIntegrationTest
[INFO] Running org.decisiongator.DecisionGatorIntegrationTest
[INFO] Tests run: 6, Failures: 0, Errors: 0, Skipped: 0, Time elapsed: 54.28 s -- in org.decisiongator.DecisionGatorIntegrationTest
[INFO] Running org.decisiongator.DecisionGatorTest
[INFO] Tests run: 6, Failures: 0, Errors: 0, Skipped: 0, Time elapsed: 0.086 s -- in org.decisiongator.DecisionGatorTest
[INFO] Running org.decisiongator.DecisionsTest
[INFO] Tests run: 6, Failures: 0, Errors: 0, Skipped: 0, Time elapsed: 0.070 s -- in org.decisiongator.DecisionsTest
[INFO] 
[INFO] Results:
[INFO] 
[INFO] Tests run: 24, Failures: 0, Errors: 0, Skipped: 0
[INFO] 
[INFO] 
[INFO] --- jar:3.4.2:jar (default-jar) @ decisiongator-java ---
[INFO] Building jar: /home/ace/DecisionGator-build-20260923/java/target/decisiongator-java-0.4.1.jar
[INFO] 
[INFO] --- jar:3.4.2:jar (native-bundle) @ decisiongator-java ---
[INFO] Building jar: /home/ace/DecisionGator-build-20260923/java/target/decisiongator-java-0.4.1-linux-x64.jar
[INFO] 
[INFO] --- source:3.3.1:jar-no-fork (sources) @ decisiongator-java ---
[INFO] Building jar: /home/ace/DecisionGator-build-20260923/java/target/decisiongator-java-0.4.1-sources.jar
[INFO] 
[INFO] --- javadoc:3.11.2:jar (javadoc) @ decisiongator-java ---
[INFO] No previous run data found, generating javadoc.
[INFO] Building jar: /home/ace/DecisionGator-build-20260923/java/target/decisiongator-java-0.4.1-javadoc.jar
[INFO] 
[INFO] --- install:3.1.4:install (default-install) @ decisiongator-java ---
[INFO] Installing /home/ace/DecisionGator-build-20260923/java/pom.xml to /home/ace/DecisionGator-build-20260923/tools/maven-repository/org/decisiongator/decisiongator-java/0.4.1/decisiongator-java-0.4.1.pom
[INFO] Installing /home/ace/DecisionGator-build-20260923/java/target/decisiongator-java-0.4.1.jar to /home/ace/DecisionGator-build-20260923/tools/maven-repository/org/decisiongator/decisiongator-java/0.4.1/decisiongator-java-0.4.1.jar
[INFO] Installing /home/ace/DecisionGator-build-20260923/java/target/decisiongator-java-0.4.1-linux-x64.jar to /home/ace/DecisionGator-build-20260923/tools/maven-repository/org/decisiongator/decisiongator-java/0.4.1/decisiongator-java-0.4.1-linux-x64.jar
[INFO] Installing /home/ace/DecisionGator-build-20260923/java/target/decisiongator-java-0.4.1-sources.jar to /home/ace/DecisionGator-build-20260923/tools/maven-repository/org/decisiongator/decisiongator-java/0.4.1/decisiongator-java-0.4.1-sources.jar
[INFO] Installing /home/ace/DecisionGator-build-20260923/java/target/decisiongator-java-0.4.1-javadoc.jar to /home/ace/DecisionGator-build-20260923/tools/maven-repository/org/decisiongator/decisiongator-java/0.4.1/decisiongator-java-0.4.1-javadoc.jar
[INFO] ------------------------------------------------------------------------
[INFO] BUILD SUCCESS
[INFO] ------------------------------------------------------------------------
[INFO] Total time:  03:58 min
[INFO] Finished at: 2026-09-23T17:56:34+01:00
[INFO] ------------------------------------------------------------------------
Java artifacts: /home/ace/DecisionGator-build-20260923/released/java
