[INFO] Scanning for projects...
[INFO] 
[INFO] -----------------< org.decisiongate:decisiongate-java >-----------------
[INFO] Building DecisionGate Java 0.4.1
[INFO]   from pom.xml
[INFO] --------------------------------[ jar ]---------------------------------
[INFO] 
[INFO] --- resources:3.4.0:resources (default-resources) @ decisiongate-java ---
[INFO] Copying 1 resource from src/main/resources to target/classes
[INFO] 
[INFO] --- compiler:3.14.1:compile (default-compile) @ decisiongate-java ---
[INFO] Recompiling the module because of changed source code.
[INFO] Compiling 8 source files with javac [debug release 17] to target/classes
[INFO] 
[INFO] --- resources:3.4.0:testResources (default-testResources) @ decisiongate-java ---
[INFO] skip non existing resourceDirectory /Users/ace/Desktop/prjx/DecisionModel/java/src/test/resources
[INFO] 
[INFO] --- compiler:3.14.1:testCompile (default-testCompile) @ decisiongate-java ---
[INFO] Recompiling the module because of changed dependency.
[INFO] Compiling 4 source files with javac [debug release 17] to target/test-classes
[INFO] /Users/ace/Desktop/prjx/DecisionModel/java/src/test/java/org/decisiongate/DecisionsTest.java: /Users/ace/Desktop/prjx/DecisionModel/java/src/test/java/org/decisiongate/DecisionsTest.java uses unchecked or unsafe operations.
[INFO] /Users/ace/Desktop/prjx/DecisionModel/java/src/test/java/org/decisiongate/DecisionsTest.java: Recompile with -Xlint:unchecked for details.
[INFO] 
[INFO] --- surefire:3.5.4:test (default-test) @ decisiongate-java ---
[INFO] Using auto detected provider org.apache.maven.surefire.junitplatform.JUnitPlatformProvider
[WARNING] System property [decisiongate.bundle] overwritten by user properties from Maven session
[INFO] 
[INFO] -------------------------------------------------------
[INFO]  T E S T S
[INFO] -------------------------------------------------------
[INFO] Running org.decisiongate.DecisionGateChoiceIntegrationTest
[INFO] Tests run: 6, Failures: 0, Errors: 0, Skipped: 0, Time elapsed: 7.996 s -- in org.decisiongate.DecisionGateChoiceIntegrationTest
[INFO] Running org.decisiongate.DecisionGateTest
[INFO] Tests run: 6, Failures: 0, Errors: 0, Skipped: 0, Time elapsed: 0.013 s -- in org.decisiongate.DecisionGateTest
[INFO] Running org.decisiongate.DecisionsTest
[INFO] Tests run: 6, Failures: 0, Errors: 0, Skipped: 0, Time elapsed: 0.010 s -- in org.decisiongate.DecisionsTest
[INFO] Running org.decisiongate.DecisionGateIntegrationTest
[INFO] Tests run: 6, Failures: 0, Errors: 0, Skipped: 0, Time elapsed: 7.982 s -- in org.decisiongate.DecisionGateIntegrationTest
[INFO] 
[INFO] Results:
[INFO] 
[INFO] Tests run: 24, Failures: 0, Errors: 0, Skipped: 0
[INFO] 
[INFO] 
[INFO] --- jar:3.4.2:jar (default-jar) @ decisiongate-java ---
[INFO] Building jar: /Users/ace/Desktop/prjx/DecisionModel/java/target/decisiongate-java-0.4.1.jar
[INFO] 
[INFO] --- jar:3.4.2:jar (native-bundle) @ decisiongate-java ---
[INFO] Building jar: /Users/ace/Desktop/prjx/DecisionModel/java/target/decisiongate-java-0.4.1-macos-arm64.jar
[INFO] 
[INFO] --- source:3.3.1:jar-no-fork (sources) @ decisiongate-java ---
[INFO] Building jar: /Users/ace/Desktop/prjx/DecisionModel/java/target/decisiongate-java-0.4.1-sources.jar
[INFO] 
[INFO] --- javadoc:3.11.2:jar (javadoc) @ decisiongate-java ---
[INFO] No previous run data found, generating javadoc.
[INFO] Building jar: /Users/ace/Desktop/prjx/DecisionModel/java/target/decisiongate-java-0.4.1-javadoc.jar
[INFO] 
[INFO] --- install:3.1.4:install (default-install) @ decisiongate-java ---
[INFO] Installing /Users/ace/Desktop/prjx/DecisionModel/java/pom.xml to /Users/ace/Desktop/prjx/DecisionModel/tools/maven-repository/org/decisiongate/decisiongate-java/0.4.1/decisiongate-java-0.4.1.pom
[INFO] Installing /Users/ace/Desktop/prjx/DecisionModel/java/target/decisiongate-java-0.4.1.jar to /Users/ace/Desktop/prjx/DecisionModel/tools/maven-repository/org/decisiongate/decisiongate-java/0.4.1/decisiongate-java-0.4.1.jar
[INFO] Installing /Users/ace/Desktop/prjx/DecisionModel/java/target/decisiongate-java-0.4.1-macos-arm64.jar to /Users/ace/Desktop/prjx/DecisionModel/tools/maven-repository/org/decisiongate/decisiongate-java/0.4.1/decisiongate-java-0.4.1-macos-arm64.jar
[INFO] Installing /Users/ace/Desktop/prjx/DecisionModel/java/target/decisiongate-java-0.4.1-sources.jar to /Users/ace/Desktop/prjx/DecisionModel/tools/maven-repository/org/decisiongate/decisiongate-java/0.4.1/decisiongate-java-0.4.1-sources.jar
[INFO] Installing /Users/ace/Desktop/prjx/DecisionModel/java/target/decisiongate-java-0.4.1-javadoc.jar to /Users/ace/Desktop/prjx/DecisionModel/tools/maven-repository/org/decisiongate/decisiongate-java/0.4.1/decisiongate-java-0.4.1-javadoc.jar
[INFO] ------------------------------------------------------------------------
[INFO] BUILD SUCCESS
[INFO] ------------------------------------------------------------------------
[INFO] Total time:  37.564 s
[INFO] Finished at: 2026-09-23T17:29:15+01:00
[INFO] ------------------------------------------------------------------------
Java artifacts: /Users/ace/Desktop/prjx/DecisionModel/released/java
