[INFO] Scanning for projects...
[INFO] 
[INFO] -----------------< org.decisiongator:decisiongator-java >-----------------
[INFO] Building DecisionGator Java 0.2.0
[INFO]   from pom.xml
[INFO] --------------------------------[ jar ]---------------------------------
[INFO] 
[INFO] --- resources:3.4.0:resources (default-resources) @ decisiongator-java ---
[INFO] Copying 1 resource from src/main/resources to target/classes
[INFO] 
[INFO] --- compiler:3.14.1:compile (default-compile) @ decisiongator-java ---
[INFO] Recompiling the module because of changed source code.
[INFO] Compiling 7 source files with javac [debug release 17] to target/classes
[INFO] 
[INFO] --- resources:3.4.0:testResources (default-testResources) @ decisiongator-java ---
[INFO] skip non existing resourceDirectory /Users/ace/Desktop/prjx/DecisionModel/java/src/test/resources
[INFO] 
[INFO] --- compiler:3.14.1:testCompile (default-testCompile) @ decisiongator-java ---
[INFO] Recompiling the module because of changed dependency.
[INFO] Compiling 3 source files with javac [debug release 17] to target/test-classes
[INFO] 
[INFO] --- surefire:3.5.4:test (default-test) @ decisiongator-java ---
[INFO] Using auto detected provider org.apache.maven.surefire.junitplatform.JUnitPlatformProvider
[WARNING] System property [decisiongator.bundle] overwritten by user properties from Maven session
[INFO] 
[INFO] -------------------------------------------------------
[INFO]  T E S T S
[INFO] -------------------------------------------------------
[INFO] Running org.decisiongator.DecisionGatorTest
[INFO] Tests run: 4, Failures: 0, Errors: 0, Skipped: 0, Time elapsed: 0.246 s -- in org.decisiongator.DecisionGatorTest
[INFO] Running org.decisiongator.DecisionsTest
[INFO] Tests run: 3, Failures: 0, Errors: 0, Skipped: 0, Time elapsed: 0.011 s -- in org.decisiongator.DecisionsTest
[INFO] Running org.decisiongator.DecisionGatorIntegrationTest
[INFO] Tests run: 6, Failures: 0, Errors: 0, Skipped: 0, Time elapsed: 2.936 s -- in org.decisiongator.DecisionGatorIntegrationTest
[INFO] 
[INFO] Results:
[INFO] 
[INFO] Tests run: 13, Failures: 0, Errors: 0, Skipped: 0
[INFO] 
[INFO] 
[INFO] --- jar:3.4.2:jar (default-jar) @ decisiongator-java ---
[INFO] Building jar: /Users/ace/Desktop/prjx/DecisionModel/java/target/decisiongator-java-0.2.0.jar
[INFO] 
[INFO] --- jar:3.4.2:jar (native-bundle) @ decisiongator-java ---
[INFO] Building jar: /Users/ace/Desktop/prjx/DecisionModel/java/target/decisiongator-java-0.2.0-macos-arm64.jar
[INFO] 
[INFO] --- source:3.3.1:jar-no-fork (sources) @ decisiongator-java ---
[INFO] Building jar: /Users/ace/Desktop/prjx/DecisionModel/java/target/decisiongator-java-0.2.0-sources.jar
[INFO] 
[INFO] --- javadoc:3.11.2:jar (javadoc) @ decisiongator-java ---
[INFO] No previous run data found, generating javadoc.
[INFO] Building jar: /Users/ace/Desktop/prjx/DecisionModel/java/target/decisiongator-java-0.2.0-javadoc.jar
[INFO] ------------------------------------------------------------------------
[INFO] BUILD SUCCESS
[INFO] ------------------------------------------------------------------------
[INFO] Total time:  16.859 s
[INFO] Finished at: 2026-09-17T23:04:48+01:00
[INFO] ------------------------------------------------------------------------
Java artifacts: /Users/ace/Desktop/prjx/DecisionModel/models/spam-email-v1-java
