    Finished `release` profile [optimized] target(s) in 0.22s
     Running unittests src/lib.rs (code/target/release/deps/decisiongate-81eb0c441365fdb6)

running 6 tests
test tests::invalid_abi_inputs_do_not_write_probability ... ok
test tests::errors_can_be_copied_without_being_cleared ... ok
test tests::invalid_text_and_missing_bundle_are_rejected ... ok
test tests::unsupported_templates_and_empty_criteria_are_rejected ... ok
test tests::template_versions_preserve_pair_order_and_criteria ... ok
test tests::panic_is_contained_at_boundary ... ok

test result: ok. 6 passed; 0 failed; 0 ignored; 0 measured; 0 filtered out; finished in 0.00s

   Doc-tests decisiongate

running 0 tests

test result: ok. 0 passed; 0 failed; 0 ignored; 0 measured; 0 filtered out; finished in 0.00s

    Finished `release` profile [optimized] target(s) in 0.06s
/Users/ace/Desktop/prjx/DecisionModel/models/spam-email-v1-macos/libdecisiongate.dylib: replacing existing signature
p_yes=0.986122636
{
  "checks": 144,
  "status": "passed",
  "unicode_criteria_p_yes": 0.29462769048942045
}
Built and tested bundle: /Users/ace/Desktop/prjx/DecisionModel/models/spam-email-v1-macos
