{
  "count": 52,
  "accuracy": 0.8269230769230769,
  "balanced_accuracy": 0.8269230769230769,
  "brier": 0.12084373966333535,
  "log_loss": 0.37931024265950203,
  "by_family": {
    "appointment": {
      "count": 6,
      "accuracy": 1.0
    },
    "appointment_intent": {
      "count": 2,
      "accuracy": 1.0
    },
    "cancellation": {
      "count": 2,
      "accuracy": 0.5
    },
    "coding_billing": {
      "count": 2,
      "accuracy": 1.0
    },
    "coding_routing": {
      "count": 4,
      "accuracy": 1.0
    },
    "duplicate": {
      "count": 4,
      "accuracy": 1.0
    },
    "duplicate_issue": {
      "count": 2,
      "accuracy": 1.0
    },
    "duplicate_reports": {
      "count": 2,
      "accuracy": 0.5
    },
    "everyday": {
      "count": 2,
      "accuracy": 0.5
    },
    "mixed_intent": {
      "count": 2,
      "accuracy": 1.0
    },
    "negation": {
      "count": 2,
      "accuracy": 1.0
    },
    "reference": {
      "count": 2,
      "accuracy": 1.0
    },
    "refund": {
      "count": 8,
      "accuracy": 0.5
    },
    "refund_intent": {
      "count": 2,
      "accuracy": 1.0
    },
    "reported_speech": {
      "count": 2,
      "accuracy": 1.0
    },
    "request_routing": {
      "count": 2,
      "accuracy": 1.0
    },
    "urgency": {
      "count": 6,
      "accuracy": 0.6666666666666666
    }
  },
  "split": "calibration",
  "temperature": 1.1350108156723155,
  "bundle": "models/v2-nli-expanded",
  "model_sha256": "fa57f3fe2ce816d8a58ae69fac098ab2a6c2ab41d2902421ac91ea1fed7c51ad",
  "data_sha256": {
    "/Users/ace/Desktop/prjx/DecisionModel/data/seed.jsonl": "cef1201c94d55a56679e95eeba0a8b3f075a9a7ba9a745922fd723d77562c495",
    "/Users/ace/Desktop/prjx/DecisionModel/data/plain-questions.jsonl": "863b5b3817b9b2ce60efbdfabb55bbbc1b89fce7a88acc60717175fb8ae1c830",
    "data/expansion-v2.jsonl": "bae3edb1bd35855dcb4d5c346efd0fcdaae3b28ef219d7f8f06f1634f899810e"
  },
  "constant_half_brier": 0.25,
  "constant_half_log_loss": 0.6931471805599453,
  "majority_accuracy": 0.5,
  "p50_ms": 11.902333120815456,
  "p95_ms": 23.130825394764543,
  "note": "Synthetic unreviewed pilot; these timings are not the 1000-call release benchmark."
}
