**********************
Windows PowerShell transcript start
Start time: 20260919215127
Username: WIN-K1V0HGID0VK\ace
RunAs User: WIN-K1V0HGID0VK\ace
Configuration Name: 
Machine: WIN-K1V0HGID0VK (Microsoft Windows NT 10.0.26200.0)
Host Application: C:\WINDOWS\System32\WindowsPowerShell\v1.0\powershell.EXE -NoProfile -ExecutionPolicy Bypass -File C:\DecisionGator-build-20260919\tools\windows_java.ps1
Process ID: 11928
PSVersion: 5.1.26100.7920
PSEdition: Desktop
PSCompatibleVersions: 1.0, 2.0, 3.0, 4.0, 5.0, 5.1.26100.7920
BuildVersion: 10.0.26100.7920
CLRVersion: 4.0.30319.42000
WSManStackVersion: 3.0
PSRemotingProtocolVersion: 2.3
SerializationVersion: 1.1.0.1
**********************
Transcript started, output file is C:\DecisionGator-build-20260919\reports\windows-java-check.log
{
  "status": "passed",
  "classifier": "windows-x64",
  "version": "0.4.0",
  "java_version": "openjdk 17.0.20.1 2026-08-18",
  "exit_code": 0,
  "network_denied": false,
  "firewall_rule_configured": false,
  "network_isolation": null,
  "original_bundle_read_denied": false,
  "stdout": "Refund request: 0.995354\nInvoice request: 0.004100\nBundled Java inference passed; DecisionGator remains experimental.\n",
  "stderr": "",
  "api_jar_bytes": 26230,
  "bundle_jar_bytes": 813639380
}
**********************
Windows PowerShell transcript end
End time: 20260919215502
**********************
