**********************
Windows PowerShell transcript start
Start time: 20260926065339
Username: WIN-K1V0HGID0VK\ace
RunAs User: WIN-K1V0HGID0VK\ace
Configuration Name: 
Machine: WIN-K1V0HGID0VK (Microsoft Windows NT 10.0.26200.0)
Host Application: C:\WINDOWS\System32\WindowsPowerShell\v1.0\powershell.EXE -NoProfile -ExecutionPolicy Bypass -File C:\DecisionGator-build\code\windows_build.ps1 -Root C:\DecisionGator-build
Process ID: 58064
PSVersion: 5.1.26100.7920
PSEdition: Desktop
PSCompatibleVersions: 1.0, 2.0, 3.0, 4.0, 5.0, 5.1.26100.7920
BuildVersion: 10.0.26100.7920
CLRVersion: 4.0.30319.42000
WSManStackVersion: 3.0
PSRemotingProtocolVersion: 2.3
SerializationVersion: 1.1.0.1
**********************
Transcript started, output file is C:\DecisionGator-build\reports\windows-resume-20260926-065338.log
Running: C:\WINDOWS\system32\cmd.exe /d /c C:\DecisionGator-build\tools\windows-msvc-environment.cmd
Passed: C:\WINDOWS\system32\cmd.exe (log: C:\DecisionGator-build\tools\windows-msvc-environment.txt)

Reusing previously tested native bundle; pass -RebuildNative to rebuild.
Running: C:\Users\ace\AppData\Local\Microsoft\WinGet\Links\uv.exe run --python 3.12 tests/package_check.py --bundle released/windows-x64 --output reports/windows-package.json
Passed: C:\Users\ace\AppData\Local\Microsoft\WinGet\Links\uv.exe (log: C:\DecisionGator-build\reports\windows-package.log)
Running: C:\Users\ace\AppData\Local\Microsoft\WinGet\Links\uv.exe run --python 3.12 code/remote_packages.py
  File "C:\DecisionGator-build\code\remote_packages.py", line 173, in <module>
npm error code ENOSPC
npm error syscall write
npm error errno -4055
npm error nospc ENOSPC: no space left on device, write
npm error nospc There appears to be insufficient space on your system to finish.
npm error nospc Clear up some disk space and try again.
npm error A complete log of this run can be found in: C:\Users\ace\AppData\Local\npm-cache\_logs\2026-09-26T14_01_31_432Z-debug-0.log
node:internal/errors:985
  const err = new Error(message);
              ^

Error: Command failed: C:\Program Files\nodejs\node.EXE C:\Program Files\nodejs\node_modules\npm\bin\npm-cli.js pack --json --pack-destination C:\DecisionGator-build\released\node
npm error code ENOSPC
npm error syscall write
npm error errno -4055
npm error nospc ENOSPC: no space left on device, write
npm error nospc There appears to be insufficient space on your system to finish.
npm error nospc Clear up some disk space and try again.
npm error A complete log of this run can be found in: C:\Users\ace\AppData\Local\npm-cache\_logs\2026-09-26T14_01_31_432Z-debug-0.log

    at genericNodeError (node:internal/errors:985:15)
    at wrappedFn (node:internal/errors:539:14)
    at checkExecSyncError (node:child_process:942:11)
    at execFileSync (node:child_process:978:15)
    at file:///C:/DecisionGator-build/javascript/pack.mjs:11:29
    at ModuleJob.run (node:internal/modules/esm/module_job:439:25)
    at async node:internal/modules/esm/loader:643:26
    at async asyncRunEntryPointWithESMLoader (node:internal/modules/run_main:101:5) {
  status: 4294963241,
  signal: null,
  output: [
    null,
    '{\n' +
      '  "error": {\n' +
      '    "code": "ENOSPC",\n' +
      '    "summary": "ENOSPC: no space left on device, write",\n' +
      '    "detail": "There appears to be insufficient space on your system to finish.\\nClear up some disk space and try again."\n' +
      '  }\n' +
      '}\n',
    'npm error code ENOSPC\n' +
      'npm error syscall write\n' +
      'npm error errno -4055\n' +
      'npm error nospc ENOSPC: no space left on device, write\n' +
      'npm error nospc There appears to be insufficient space on your system to finish.\n' +
      'npm error nospc Clear up some disk space and try again.\n' +
      'npm error A complete log of this run can be found in: C:\\Users\\ace\\AppData\\Local\\npm-cache\\_logs\\2026-09-26T14_01_31_432Z-debug-0.log\n'
  ],
  pid: 67520,
  stdout: '{\n' +
    '  "error": {\n' +
    '    "code": "ENOSPC",\n' +
    '    "summary": "ENOSPC: no space left on device, write",\n' +
    '    "detail": "There appears to be insufficient space on your system to finish.\\nClear up some disk space and try again."\n' +
    '  }\n' +
    '}\n',
  stderr: 'npm error code ENOSPC\n' +
    'npm error syscall write\n' +
    'npm error errno -4055\n' +
    'npm error nospc ENOSPC: no space left on device, write\n' +
    'npm error nospc There appears to be insufficient space on your system to finish.\n' +
    'npm error nospc Clear up some disk space and try again.\n' +
    'npm error A complete log of this run can be found in: C:\\Users\\ace\\AppData\\Local\\npm-cache\\_logs\\2026-09-26T14_01_31_432Z-debug-0.log\n'
}

Node.js v24.19.0

uv.exe : Traceback (most recent call last):
At C:\DecisionGator-build\code\windows_build.ps1:46 char:9
+         & $Executable @Arguments *> $Log
+         ~~~~~~~~~~~~~~~~~~~~~~~~~~~~~~~~
    + CategoryInfo          : NotSpecified: (Traceback (most recent call last)::String) [], RemoteException
    + FullyQualifiedErrorId : NativeCommandError

  File "C:\DecisionGator-build\code\remote_packages.py", line 173, in <module>
    main()
  File "C:\DecisionGator-build\code\remote_packages.py", line 154, in main
    run('node-pack', [node,ROOT/'javascript/pack.mjs'])
  File "C:\DecisionGator-build\code\remote_packages.py", line 128, in run
    raise RuntimeError(f'{name} failed; see {log}')
RuntimeError: node-pack failed; see C:\DecisionGator-build\reports\remote-windows-x64-node-pack.log
PS>TerminatingError(): "Native command failed with exit code 1: C:\Users\ace\AppData\Local\Microsoft\WinGet\Links\uv.exe (log: C:\DecisionGator-build\reports\windows-packages.log)"
Name        Source
----        ------
cl.exe      C:\Program Files (x86)\Microsoft Visual Studio\2022\BuildTools\VC\Tools\MSVC\14.44.35207\bin\HostX64\x64...
dumpbin.exe C:\Program Files (x86)\Microsoft Visual Studio\2022\BuildTools\VC\Tools\MSVC\14.44.35207\bin\HostX64\x64...
uv.exe      C:\Users\ace\AppData\Local\Microsoft\WinGet\Links\uv.exe
node.exe    C:\Program Files\nodejs\node.exe




PSMessageDetails      :
Exception             : System.Management.Automation.RuntimeException: Native command failed with exit code 1:
                        C:\Users\ace\AppData\Local\Microsoft\WinGet\Links\uv.exe (log:
                        C:\DecisionGator-build\reports\windows-packages.log)
TargetObject          : Native command failed with exit code 1:
                        C:\Users\ace\AppData\Local\Microsoft\WinGet\Links\uv.exe (log:
                        C:\DecisionGator-build\reports\windows-packages.log)
CategoryInfo          : OperationStopped: (Native command ...s-packages.log):String) [], RuntimeException
FullyQualifiedErrorId : Native command failed with exit code 1:
                        C:\Users\ace\AppData\Local\Microsoft\WinGet\Links\uv.exe (log:
                        C:\DecisionGator-build\reports\windows-packages.log)
ErrorDetails          :
InvocationInfo        : System.Management.Automation.InvocationInfo
ScriptStackTrace      : at Invoke-NativeLogged, C:\DecisionGator-build\code\windows_build.ps1: line 53
                        at <ScriptBlock>, C:\DecisionGator-build\code\windows_build.ps1: line 131
PipelineIterationInfo : {}



**********************
Windows PowerShell transcript end
End time: 20260926070520
**********************
