uv.exe :     Finished `release` profile [optimized] target(s) in 1.14s
At C:\DecisionGate-build-20260917\tools\windows_resume.ps1:27 char:9
+         & $Executable @Arguments *> $Log
+         ~~~~~~~~~~~~~~~~~~~~~~~~~~~~~~~~
    + CategoryInfo          : NotSpecified: (    Finished `r...get(s) in 1.14s:String) [], RemoteException
    + FullyQualifiedErrorId : NativeCommandError
 
     Running unittests src\lib.rs (code\target\release\deps\decisiongate-ea42cb0c9a64e0ef.exe)

running 6 tests
test tests::errors_can_be_copied_without_being_cleared ... ok
test tests::invalid_abi_inputs_do_not_write_probability ... ok
test tests::panic_is_contained_at_boundary ... ok
test tests::invalid_text_and_missing_bundle_are_rejected ... ok
test tests::template_versions_preserve_pair_order_and_criteria ... ok
test tests::unsupported_templates_and_empty_criteria_are_rejected ... ok

test result: ok. 6 passed; 0 failed; 0 ignored; 0 measured; 0 filtered out; finished in 0.03s

   Doc-tests decisiongate

running 0 tests

test result: ok. 0 passed; 0 failed; 0 ignored; 0 measured; 0 filtered out; finished in 0.00s

    Finished `release` profile [optimized] target(s) in 1.18s
c_smoke.c
p_yes=0.995962204
{
  "checks": 144,
  "status": "passed",
  "unicode_criteria_p_yes": 0.06147636451457195
}
{
  "status": "passed",
  "platform": "Windows-11-10.0.26200-SP0",
  "cases": 81,
  "max_absolute_difference": 3.0455886942393207e-06,
  "boolean_disagreements": [],
  "seconds": 27.656999999999243
}
Built and tested bundle: C:\DecisionGate-build-20260917\released\windows-x64
