{"epoch": 1, "train_loss": 0.5316059882241178, "training": {"count": 692, "accuracy": 0.8569364161849711, "balanced_accuracy": 0.8407170048545385, "brier": 0.09557444051576842, "log_loss": 0.29949513353717605, "by_family": {"appointment": {"count": 42, "accuracy": 0.9047619047619048}, "appointment_boundary": {"count": 6, "accuracy": 0.6666666666666666}, "appointment_intent": {"count": 16, "accuracy": 1.0}, "billing_boundary": {"count": 8, "accuracy": 0.625}, "cancellation": {"count": 10, "accuracy": 0.9}, "capacity_boundary": {"count": 8, "accuracy": 0.75}, "coding_billing": {"count": 10, "accuracy": 1.0}, "coding_routing": {"count": 32, "accuracy": 0.84375}, "conditions": {"count": 10, "accuracy": 0.7}, "day_or_time_lookup": {"count": 40, "accuracy": 1.0}, "duplicate": {"count": 32, "accuracy": 0.9375}, "duplicate_issue": {"count": 10, "accuracy": 1.0}, "duplicate_reports": {"count": 16, "accuracy": 0.875}, "everyday": {"count": 10, "accuracy": 1.0}, "language_of_text": {"count": 40, "accuracy": 0.75}, "mixed_intent": {"count": 10, "accuracy": 1.0}, "negation": {"count": 10, "accuracy": 1.0}, "permission": {"count": 10, "accuracy": 0.9}, "quantity_boundary": {"count": 8, "accuracy": 0.625}, "reference": {"count": 10, "accuracy": 0.9}, "refund": {"count": 42, "accuracy": 0.6666666666666666}, "refund_boundary": {"count": 6, "accuracy": 0.6666666666666666}, "refund_intent": {"count": 16, "accuracy": 0.9375}, "reported_speech": {"count": 10, "accuracy": 1.0}, "request_routing": {"count": 16, "accuracy": 1.0}, "request_type": {"count": 44, "accuracy": 0.9090909090909091}, "sentiment": {"count": 40, "accuracy": 0.825}, "support_routing": {"count": 44, "accuracy": 0.75}, "temporal": {"count": 10, "accuracy": 1.0}, "time_boundary": {"count": 6, "accuracy": 0.6666666666666666}, "unit_or_quantity": {"count": 40, "accuracy": 1.0}, "urgency": {"count": 32, "accuracy": 0.71875}, "urgency_boundary": {"count": 8, "accuracy": 0.75}, "urgency_level": {"count": 40, "accuracy": 0.8}}}, "validation": {"count": 168, "accuracy": 0.8571428571428571, "balanced_accuracy": 0.839572192513369, "brier": 0.10550758913531068, "log_loss": 0.3307550124869707, "by_family": {"appointment": {"count": 10, "accuracy": 0.9}, "appointment_intent": {"count": 4, "accuracy": 1.0}, "boundary_budget": {"count": 2, "accuracy": 1.0}, "boundary_distance": {"count": 2, "accuracy": 1.0}, "boundary_duration": {"count": 2, "accuracy": 1.0}, "boundary_ratio": {"count": 2, "accuracy": 0.5}, "boundary_stock": {"count": 2, "accuracy": 0.5}, "cancellation": {"count": 2, "accuracy": 1.0}, "coding_billing": {"count": 2, "accuracy": 1.0}, "coding_routing": {"count": 8, "accuracy": 1.0}, "conditions": {"count": 2, "accuracy": 0.5}, "day_or_time_lookup": {"count": 12, "accuracy": 0.9166666666666666}, "duplicate": {"count": 8, "accuracy": 1.0}, "duplicate_issue": {"count": 2, "accuracy": 0.5}, "duplicate_reports": {"count": 4, "accuracy": 0.75}, "everyday": {"count": 2, "accuracy": 1.0}, "language_of_text": {"count": 8, "accuracy": 0.75}, "mixed_intent": {"count": 4, "accuracy": 1.0}, "negation": {"count": 4, "accuracy": 1.0}, "permission": {"count": 2, "accuracy": 1.0}, "reference": {"count": 2, "accuracy": 1.0}, "refund": {"count": 10, "accuracy": 0.6}, "refund_intent": {"count": 4, "accuracy": 1.0}, "reported_speech": {"count": 2, "accuracy": 1.0}, "request_routing": {"count": 4, "accuracy": 1.0}, "request_type": {"count": 12, "accuracy": 0.8333333333333334}, "sentiment": {"count": 8, "accuracy": 0.875}, "support_routing": {"count": 12, "accuracy": 0.75}, "temporal": {"count": 2, "accuracy": 1.0}, "unit_or_quantity": {"count": 8, "accuracy": 1.0}, "urgency": {"count": 8, "accuracy": 0.75}, "urgency_level": {"count": 12, "accuracy": 0.75}}, "choice_accuracy": 0.7777777777777778, "choice_count": 18}, "elapsed_seconds": 31.05870920792222}
{"epoch": 2, "train_loss": 0.3259544383755998, "training": {"count": 692, "accuracy": 0.930635838150289, "balanced_accuracy": 0.9212097928963086, "brier": 0.04724055335851217, "log_loss": 0.15860287246483673, "by_family": {"appointment": {"count": 42, "accuracy": 1.0}, "appointment_boundary": {"count": 6, "accuracy": 1.0}, "appointment_intent": {"count": 16, "accuracy": 1.0}, "billing_boundary": {"count": 8, "accuracy": 0.625}, "cancellation": {"count": 10, "accuracy": 1.0}, "capacity_boundary": {"count": 8, "accuracy": 0.875}, "coding_billing": {"count": 10, "accuracy": 1.0}, "coding_routing": {"count": 32, "accuracy": 0.90625}, "conditions": {"count": 10, "accuracy": 1.0}, "day_or_time_lookup": {"count": 40, "accuracy": 1.0}, "duplicate": {"count": 32, "accuracy": 1.0}, "duplicate_issue": {"count": 10, "accuracy": 1.0}, "duplicate_reports": {"count": 16, "accuracy": 1.0}, "everyday": {"count": 10, "accuracy": 1.0}, "language_of_text": {"count": 40, "accuracy": 0.825}, "mixed_intent": {"count": 10, "accuracy": 1.0}, "negation": {"count": 10, "accuracy": 1.0}, "permission": {"count": 10, "accuracy": 1.0}, "quantity_boundary": {"count": 8, "accuracy": 0.875}, "reference": {"count": 10, "accuracy": 1.0}, "refund": {"count": 42, "accuracy": 0.8809523809523809}, "refund_boundary": {"count": 6, "accuracy": 0.8333333333333334}, "refund_intent": {"count": 16, "accuracy": 1.0}, "reported_speech": {"count": 10, "accuracy": 1.0}, "request_routing": {"count": 16, "accuracy": 1.0}, "request_type": {"count": 44, "accuracy": 0.9772727272727273}, "sentiment": {"count": 40, "accuracy": 0.85}, "support_routing": {"count": 44, "accuracy": 0.8181818181818182}, "temporal": {"count": 10, "accuracy": 1.0}, "time_boundary": {"count": 6, "accuracy": 1.0}, "unit_or_quantity": {"count": 40, "accuracy": 1.0}, "urgency": {"count": 32, "accuracy": 0.875}, "urgency_boundary": {"count": 8, "accuracy": 0.875}, "urgency_level": {"count": 40, "accuracy": 0.825}}}, "validation": {"count": 168, "accuracy": 0.9047619047619048, "balanced_accuracy": 0.892156862745098, "brier": 0.07244338940050972, "log_loss": 0.22818437285878124, "by_family": {"appointment": {"count": 10, "accuracy": 1.0}, "appointment_intent": {"count": 4, "accuracy": 1.0}, "boundary_budget": {"count": 2, "accuracy": 1.0}, "boundary_distance": {"count": 2, "accuracy": 0.5}, "boundary_duration": {"count": 2, "accuracy": 1.0}, "boundary_ratio": {"count": 2, "accuracy": 0.5}, "boundary_stock": {"count": 2, "accuracy": 0.5}, "cancellation": {"count": 2, "accuracy": 1.0}, "coding_billing": {"count": 2, "accuracy": 1.0}, "coding_routing": {"count": 8, "accuracy": 1.0}, "conditions": {"count": 2, "accuracy": 0.5}, "day_or_time_lookup": {"count": 12, "accuracy": 1.0}, "duplicate": {"count": 8, "accuracy": 1.0}, "duplicate_issue": {"count": 2, "accuracy": 0.5}, "duplicate_reports": {"count": 4, "accuracy": 0.75}, "everyday": {"count": 2, "accuracy": 1.0}, "language_of_text": {"count": 8, "accuracy": 0.875}, "mixed_intent": {"count": 4, "accuracy": 1.0}, "negation": {"count": 4, "accuracy": 1.0}, "permission": {"count": 2, "accuracy": 1.0}, "reference": {"count": 2, "accuracy": 1.0}, "refund": {"count": 10, "accuracy": 0.9}, "refund_intent": {"count": 4, "accuracy": 1.0}, "reported_speech": {"count": 2, "accuracy": 1.0}, "request_routing": {"count": 4, "accuracy": 1.0}, "request_type": {"count": 12, "accuracy": 0.9166666666666666}, "sentiment": {"count": 8, "accuracy": 0.875}, "support_routing": {"count": 12, "accuracy": 0.75}, "temporal": {"count": 2, "accuracy": 1.0}, "unit_or_quantity": {"count": 8, "accuracy": 1.0}, "urgency": {"count": 8, "accuracy": 1.0}, "urgency_level": {"count": 12, "accuracy": 0.75}}, "choice_accuracy": 0.7777777777777778, "choice_count": 18}, "elapsed_seconds": 62.98494904208928}
{"epoch": 3, "train_loss": 0.20557182402796828, "training": {"count": 692, "accuracy": 0.9653179190751445, "balanced_accuracy": 0.9631194775259316, "brier": 0.027854321561188874, "log_loss": 0.09725130892080136, "by_family": {"appointment": {"count": 42, "accuracy": 1.0}, "appointment_boundary": {"count": 6, "accuracy": 0.8333333333333334}, "appointment_intent": {"count": 16, "accuracy": 1.0}, "billing_boundary": {"count": 8, "accuracy": 0.75}, "cancellation": {"count": 10, "accuracy": 1.0}, "capacity_boundary": {"count": 8, "accuracy": 0.75}, "coding_billing": {"count": 10, "accuracy": 1.0}, "coding_routing": {"count": 32, "accuracy": 1.0}, "conditions": {"count": 10, "accuracy": 1.0}, "day_or_time_lookup": {"count": 40, "accuracy": 1.0}, "duplicate": {"count": 32, "accuracy": 1.0}, "duplicate_issue": {"count": 10, "accuracy": 1.0}, "duplicate_reports": {"count": 16, "accuracy": 1.0}, "everyday": {"count": 10, "accuracy": 1.0}, "language_of_text": {"count": 40, "accuracy": 0.875}, "mixed_intent": {"count": 10, "accuracy": 1.0}, "negation": {"count": 10, "accuracy": 1.0}, "permission": {"count": 10, "accuracy": 1.0}, "quantity_boundary": {"count": 8, "accuracy": 0.875}, "reference": {"count": 10, "accuracy": 1.0}, "refund": {"count": 42, "accuracy": 0.9761904761904762}, "refund_boundary": {"count": 6, "accuracy": 1.0}, "refund_intent": {"count": 16, "accuracy": 1.0}, "reported_speech": {"count": 10, "accuracy": 1.0}, "request_routing": {"count": 16, "accuracy": 1.0}, "request_type": {"count": 44, "accuracy": 0.9545454545454546}, "sentiment": {"count": 40, "accuracy": 0.925}, "support_routing": {"count": 44, "accuracy": 0.9090909090909091}, "temporal": {"count": 10, "accuracy": 1.0}, "time_boundary": {"count": 6, "accuracy": 1.0}, "unit_or_quantity": {"count": 40, "accuracy": 1.0}, "urgency": {"count": 32, "accuracy": 1.0}, "urgency_boundary": {"count": 8, "accuracy": 1.0}, "urgency_level": {"count": 40, "accuracy": 0.925}}}, "validation": {"count": 168, "accuracy": 0.9107142857142857, "balanced_accuracy": 0.9024064171122994, "brier": 0.06504997363380219, "log_loss": 0.21022042637622843, "by_family": {"appointment": {"count": 10, "accuracy": 1.0}, "appointment_intent": {"count": 4, "accuracy": 1.0}, "boundary_budget": {"count": 2, "accuracy": 1.0}, "boundary_distance": {"count": 2, "accuracy": 1.0}, "boundary_duration": {"count": 2, "accuracy": 1.0}, "boundary_ratio": {"count": 2, "accuracy": 0.5}, "boundary_stock": {"count": 2, "accuracy": 0.5}, "cancellation": {"count": 2, "accuracy": 1.0}, "coding_billing": {"count": 2, "accuracy": 1.0}, "coding_routing": {"count": 8, "accuracy": 1.0}, "conditions": {"count": 2, "accuracy": 1.0}, "day_or_time_lookup": {"count": 12, "accuracy": 0.9166666666666666}, "duplicate": {"count": 8, "accuracy": 1.0}, "duplicate_issue": {"count": 2, "accuracy": 0.5}, "duplicate_reports": {"count": 4, "accuracy": 0.75}, "everyday": {"count": 2, "accuracy": 1.0}, "language_of_text": {"count": 8, "accuracy": 0.875}, "mixed_intent": {"count": 4, "accuracy": 1.0}, "negation": {"count": 4, "accuracy": 1.0}, "permission": {"count": 2, "accuracy": 1.0}, "reference": {"count": 2, "accuracy": 1.0}, "refund": {"count": 10, "accuracy": 0.9}, "refund_intent": {"count": 4, "accuracy": 1.0}, "reported_speech": {"count": 2, "accuracy": 1.0}, "request_routing": {"count": 4, "accuracy": 1.0}, "request_type": {"count": 12, "accuracy": 0.9166666666666666}, "sentiment": {"count": 8, "accuracy": 0.875}, "support_routing": {"count": 12, "accuracy": 0.75}, "temporal": {"count": 2, "accuracy": 1.0}, "unit_or_quantity": {"count": 8, "accuracy": 1.0}, "urgency": {"count": 8, "accuracy": 1.0}, "urgency_level": {"count": 12, "accuracy": 0.75}}, "choice_accuracy": 0.8888888888888888, "choice_count": 18}, "elapsed_seconds": 94.8140182918869}
{"epoch": 4, "train_loss": 0.15918762927788788, "training": {"count": 692, "accuracy": 0.9682080924855492, "balanced_accuracy": 0.9629972409457619, "brier": 0.024186814178394918, "log_loss": 0.07714934028836008, "by_family": {"appointment": {"count": 42, "accuracy": 1.0}, "appointment_boundary": {"count": 6, "accuracy": 1.0}, "appointment_intent": {"count": 16, "accuracy": 1.0}, "billing_boundary": {"count": 8, "accuracy": 0.625}, "cancellation": {"count": 10, "accuracy": 1.0}, "capacity_boundary": {"count": 8, "accuracy": 0.875}, "coding_billing": {"count": 10, "accuracy": 1.0}, "coding_routing": {"count": 32, "accuracy": 1.0}, "conditions": {"count": 10, "accuracy": 1.0}, "day_or_time_lookup": {"count": 40, "accuracy": 1.0}, "duplicate": {"count": 32, "accuracy": 1.0}, "duplicate_issue": {"count": 10, "accuracy": 1.0}, "duplicate_reports": {"count": 16, "accuracy": 1.0}, "everyday": {"count": 10, "accuracy": 1.0}, "language_of_text": {"count": 40, "accuracy": 0.85}, "mixed_intent": {"count": 10, "accuracy": 1.0}, "negation": {"count": 10, "accuracy": 1.0}, "permission": {"count": 10, "accuracy": 1.0}, "quantity_boundary": {"count": 8, "accuracy": 0.875}, "reference": {"count": 10, "accuracy": 1.0}, "refund": {"count": 42, "accuracy": 0.9285714285714286}, "refund_boundary": {"count": 6, "accuracy": 1.0}, "refund_intent": {"count": 16, "accuracy": 1.0}, "reported_speech": {"count": 10, "accuracy": 1.0}, "request_routing": {"count": 16, "accuracy": 1.0}, "request_type": {"count": 44, "accuracy": 0.9772727272727273}, "sentiment": {"count": 40, "accuracy": 0.975}, "support_routing": {"count": 44, "accuracy": 0.9318181818181818}, "temporal": {"count": 10, "accuracy": 1.0}, "time_boundary": {"count": 6, "accuracy": 1.0}, "unit_or_quantity": {"count": 40, "accuracy": 1.0}, "urgency": {"count": 32, "accuracy": 1.0}, "urgency_boundary": {"count": 8, "accuracy": 0.875}, "urgency_level": {"count": 40, "accuracy": 0.95}}}, "validation": {"count": 168, "accuracy": 0.9166666666666666, "balanced_accuracy": 0.8992869875222816, "brier": 0.06037585518564638, "log_loss": 0.19710742760977012, "by_family": {"appointment": {"count": 10, "accuracy": 1.0}, "appointment_intent": {"count": 4, "accuracy": 1.0}, "boundary_budget": {"count": 2, "accuracy": 1.0}, "boundary_distance": {"count": 2, "accuracy": 0.5}, "boundary_duration": {"count": 2, "accuracy": 1.0}, "boundary_ratio": {"count": 2, "accuracy": 1.0}, "boundary_stock": {"count": 2, "accuracy": 0.5}, "cancellation": {"count": 2, "accuracy": 1.0}, "coding_billing": {"count": 2, "accuracy": 1.0}, "coding_routing": {"count": 8, "accuracy": 1.0}, "conditions": {"count": 2, "accuracy": 1.0}, "day_or_time_lookup": {"count": 12, "accuracy": 1.0}, "duplicate": {"count": 8, "accuracy": 1.0}, "duplicate_issue": {"count": 2, "accuracy": 0.5}, "duplicate_reports": {"count": 4, "accuracy": 0.75}, "everyday": {"count": 2, "accuracy": 1.0}, "language_of_text": {"count": 8, "accuracy": 0.875}, "mixed_intent": {"count": 4, "accuracy": 1.0}, "negation": {"count": 4, "accuracy": 1.0}, "permission": {"count": 2, "accuracy": 1.0}, "reference": {"count": 2, "accuracy": 1.0}, "refund": {"count": 10, "accuracy": 1.0}, "refund_intent": {"count": 4, "accuracy": 1.0}, "reported_speech": {"count": 2, "accuracy": 1.0}, "request_routing": {"count": 4, "accuracy": 1.0}, "request_type": {"count": 12, "accuracy": 0.9166666666666666}, "sentiment": {"count": 8, "accuracy": 0.875}, "support_routing": {"count": 12, "accuracy": 0.75}, "temporal": {"count": 2, "accuracy": 1.0}, "unit_or_quantity": {"count": 8, "accuracy": 1.0}, "urgency": {"count": 8, "accuracy": 0.875}, "urgency_level": {"count": 12, "accuracy": 0.75}}, "choice_accuracy": 0.8333333333333334, "choice_count": 18}, "elapsed_seconds": 126.47866408294067}
{"epoch": 5, "train_loss": 0.12974982237647895, "training": {"count": 692, "accuracy": 0.9812138728323699, "balanced_accuracy": 0.9787919533405511, "brier": 0.015275561080952356, "log_loss": 0.05625379684815682, "by_family": {"appointment": {"count": 42, "accuracy": 1.0}, "appointment_boundary": {"count": 6, "accuracy": 1.0}, "appointment_intent": {"count": 16, "accuracy": 1.0}, "billing_boundary": {"count": 8, "accuracy": 0.875}, "cancellation": {"count": 10, "accuracy": 1.0}, "capacity_boundary": {"count": 8, "accuracy": 1.0}, "coding_billing": {"count": 10, "accuracy": 1.0}, "coding_routing": {"count": 32, "accuracy": 0.96875}, "conditions": {"count": 10, "accuracy": 1.0}, "day_or_time_lookup": {"count": 40, "accuracy": 1.0}, "duplicate": {"count": 32, "accuracy": 1.0}, "duplicate_issue": {"count": 10, "accuracy": 1.0}, "duplicate_reports": {"count": 16, "accuracy": 1.0}, "everyday": {"count": 10, "accuracy": 1.0}, "language_of_text": {"count": 40, "accuracy": 0.85}, "mixed_intent": {"count": 10, "accuracy": 1.0}, "negation": {"count": 10, "accuracy": 1.0}, "permission": {"count": 10, "accuracy": 1.0}, "quantity_boundary": {"count": 8, "accuracy": 1.0}, "reference": {"count": 10, "accuracy": 1.0}, "refund": {"count": 42, "accuracy": 1.0}, "refund_boundary": {"count": 6, "accuracy": 1.0}, "refund_intent": {"count": 16, "accuracy": 1.0}, "reported_speech": {"count": 10, "accuracy": 1.0}, "request_routing": {"count": 16, "accuracy": 1.0}, "request_type": {"count": 44, "accuracy": 0.9772727272727273}, "sentiment": {"count": 40, "accuracy": 0.975}, "support_routing": {"count": 44, "accuracy": 1.0}, "temporal": {"count": 10, "accuracy": 1.0}, "time_boundary": {"count": 6, "accuracy": 1.0}, "unit_or_quantity": {"count": 40, "accuracy": 1.0}, "urgency": {"count": 32, "accuracy": 1.0}, "urgency_boundary": {"count": 8, "accuracy": 1.0}, "urgency_level": {"count": 40, "accuracy": 0.925}}}, "validation": {"count": 168, "accuracy": 0.9345238095238095, "balanced_accuracy": 0.9273618538324421, "brier": 0.060103552802601344, "log_loss": 0.2298937078860217, "by_family": {"appointment": {"count": 10, "accuracy": 1.0}, "appointment_intent": {"count": 4, "accuracy": 1.0}, "boundary_budget": {"count": 2, "accuracy": 1.0}, "boundary_distance": {"count": 2, "accuracy": 1.0}, "boundary_duration": {"count": 2, "accuracy": 1.0}, "boundary_ratio": {"count": 2, "accuracy": 1.0}, "boundary_stock": {"count": 2, "accuracy": 0.5}, "cancellation": {"count": 2, "accuracy": 1.0}, "coding_billing": {"count": 2, "accuracy": 1.0}, "coding_routing": {"count": 8, "accuracy": 1.0}, "conditions": {"count": 2, "accuracy": 1.0}, "day_or_time_lookup": {"count": 12, "accuracy": 0.9166666666666666}, "duplicate": {"count": 8, "accuracy": 1.0}, "duplicate_issue": {"count": 2, "accuracy": 0.5}, "duplicate_reports": {"count": 4, "accuracy": 0.75}, "everyday": {"count": 2, "accuracy": 1.0}, "language_of_text": {"count": 8, "accuracy": 0.875}, "mixed_intent": {"count": 4, "accuracy": 1.0}, "negation": {"count": 4, "accuracy": 1.0}, "permission": {"count": 2, "accuracy": 1.0}, "reference": {"count": 2, "accuracy": 1.0}, "refund": {"count": 10, "accuracy": 0.9}, "refund_intent": {"count": 4, "accuracy": 1.0}, "reported_speech": {"count": 2, "accuracy": 1.0}, "request_routing": {"count": 4, "accuracy": 1.0}, "request_type": {"count": 12, "accuracy": 0.9166666666666666}, "sentiment": {"count": 8, "accuracy": 0.875}, "support_routing": {"count": 12, "accuracy": 0.9166666666666666}, "temporal": {"count": 2, "accuracy": 1.0}, "unit_or_quantity": {"count": 8, "accuracy": 1.0}, "urgency": {"count": 8, "accuracy": 1.0}, "urgency_level": {"count": 12, "accuracy": 0.8333333333333334}}, "choice_accuracy": 0.8333333333333334, "choice_count": 18}, "elapsed_seconds": 158.43688841699623}
{"epoch": 6, "train_loss": 0.10741299615683023, "training": {"count": 692, "accuracy": 0.9869942196531792, "balanced_accuracy": 0.9854625781440995, "brier": 0.010609911759784688, "log_loss": 0.04349723592324619, "by_family": {"appointment": {"count": 42, "accuracy": 1.0}, "appointment_boundary": {"count": 6, "accuracy": 1.0}, "appointment_intent": {"count": 16, "accuracy": 1.0}, "billing_boundary": {"count": 8, "accuracy": 0.75}, "cancellation": {"count": 10, "accuracy": 1.0}, "capacity_boundary": {"count": 8, "accuracy": 1.0}, "coding_billing": {"count": 10, "accuracy": 1.0}, "coding_routing": {"count": 32, "accuracy": 1.0}, "conditions": {"count": 10, "accuracy": 1.0}, "day_or_time_lookup": {"count": 40, "accuracy": 1.0}, "duplicate": {"count": 32, "accuracy": 1.0}, "duplicate_issue": {"count": 10, "accuracy": 1.0}, "duplicate_reports": {"count": 16, "accuracy": 1.0}, "everyday": {"count": 10, "accuracy": 1.0}, "language_of_text": {"count": 40, "accuracy": 0.9}, "mixed_intent": {"count": 10, "accuracy": 1.0}, "negation": {"count": 10, "accuracy": 1.0}, "permission": {"count": 10, "accuracy": 1.0}, "quantity_boundary": {"count": 8, "accuracy": 1.0}, "reference": {"count": 10, "accuracy": 1.0}, "refund": {"count": 42, "accuracy": 1.0}, "refund_boundary": {"count": 6, "accuracy": 0.8333333333333334}, "refund_intent": {"count": 16, "accuracy": 1.0}, "reported_speech": {"count": 10, "accuracy": 1.0}, "request_routing": {"count": 16, "accuracy": 1.0}, "request_type": {"count": 44, "accuracy": 1.0}, "sentiment": {"count": 40, "accuracy": 1.0}, "support_routing": {"count": 44, "accuracy": 1.0}, "temporal": {"count": 10, "accuracy": 1.0}, "time_boundary": {"count": 6, "accuracy": 1.0}, "unit_or_quantity": {"count": 40, "accuracy": 1.0}, "urgency": {"count": 32, "accuracy": 1.0}, "urgency_boundary": {"count": 8, "accuracy": 0.875}, "urgency_level": {"count": 40, "accuracy": 0.975}}}, "validation": {"count": 168, "accuracy": 0.9285714285714286, "balanced_accuracy": 0.9251336898395721, "brier": 0.05763548258408034, "log_loss": 0.18435459564536028, "by_family": {"appointment": {"count": 10, "accuracy": 1.0}, "appointment_intent": {"count": 4, "accuracy": 1.0}, "boundary_budget": {"count": 2, "accuracy": 1.0}, "boundary_distance": {"count": 2, "accuracy": 1.0}, "boundary_duration": {"count": 2, "accuracy": 1.0}, "boundary_ratio": {"count": 2, "accuracy": 1.0}, "boundary_stock": {"count": 2, "accuracy": 0.5}, "cancellation": {"count": 2, "accuracy": 1.0}, "coding_billing": {"count": 2, "accuracy": 1.0}, "coding_routing": {"count": 8, "accuracy": 1.0}, "conditions": {"count": 2, "accuracy": 1.0}, "day_or_time_lookup": {"count": 12, "accuracy": 1.0}, "duplicate": {"count": 8, "accuracy": 1.0}, "duplicate_issue": {"count": 2, "accuracy": 0.5}, "duplicate_reports": {"count": 4, "accuracy": 0.75}, "everyday": {"count": 2, "accuracy": 1.0}, "language_of_text": {"count": 8, "accuracy": 0.875}, "mixed_intent": {"count": 4, "accuracy": 1.0}, "negation": {"count": 4, "accuracy": 1.0}, "permission": {"count": 2, "accuracy": 1.0}, "reference": {"count": 2, "accuracy": 1.0}, "refund": {"count": 10, "accuracy": 0.9}, "refund_intent": {"count": 4, "accuracy": 1.0}, "reported_speech": {"count": 2, "accuracy": 1.0}, "request_routing": {"count": 4, "accuracy": 1.0}, "request_type": {"count": 12, "accuracy": 0.9166666666666666}, "sentiment": {"count": 8, "accuracy": 0.75}, "support_routing": {"count": 12, "accuracy": 0.8333333333333334}, "temporal": {"count": 2, "accuracy": 1.0}, "unit_or_quantity": {"count": 8, "accuracy": 1.0}, "urgency": {"count": 8, "accuracy": 1.0}, "urgency_level": {"count": 12, "accuracy": 0.8333333333333334}}, "choice_accuracy": 0.9444444444444444, "choice_count": 18}, "elapsed_seconds": 190.03915833309293}
{"epoch": 7, "train_loss": 0.06809609418201955, "training": {"count": 692, "accuracy": 0.9898843930635838, "balanced_accuracy": 0.9916267942583732, "brier": 0.007017268828150507, "log_loss": 0.025826301965705182, "by_family": {"appointment": {"count": 42, "accuracy": 1.0}, "appointment_boundary": {"count": 6, "accuracy": 1.0}, "appointment_intent": {"count": 16, "accuracy": 1.0}, "billing_boundary": {"count": 8, "accuracy": 0.75}, "cancellation": {"count": 10, "accuracy": 1.0}, "capacity_boundary": {"count": 8, "accuracy": 1.0}, "coding_billing": {"count": 10, "accuracy": 1.0}, "coding_routing": {"count": 32, "accuracy": 1.0}, "conditions": {"count": 10, "accuracy": 1.0}, "day_or_time_lookup": {"count": 40, "accuracy": 1.0}, "duplicate": {"count": 32, "accuracy": 1.0}, "duplicate_issue": {"count": 10, "accuracy": 1.0}, "duplicate_reports": {"count": 16, "accuracy": 1.0}, "everyday": {"count": 10, "accuracy": 1.0}, "language_of_text": {"count": 40, "accuracy": 0.9}, "mixed_intent": {"count": 10, "accuracy": 1.0}, "negation": {"count": 10, "accuracy": 1.0}, "permission": {"count": 10, "accuracy": 1.0}, "quantity_boundary": {"count": 8, "accuracy": 1.0}, "reference": {"count": 10, "accuracy": 1.0}, "refund": {"count": 42, "accuracy": 1.0}, "refund_boundary": {"count": 6, "accuracy": 1.0}, "refund_intent": {"count": 16, "accuracy": 1.0}, "reported_speech": {"count": 10, "accuracy": 1.0}, "request_routing": {"count": 16, "accuracy": 1.0}, "request_type": {"count": 44, "accuracy": 1.0}, "sentiment": {"count": 40, "accuracy": 1.0}, "support_routing": {"count": 44, "accuracy": 1.0}, "temporal": {"count": 10, "accuracy": 1.0}, "time_boundary": {"count": 6, "accuracy": 1.0}, "unit_or_quantity": {"count": 40, "accuracy": 1.0}, "urgency": {"count": 32, "accuracy": 1.0}, "urgency_boundary": {"count": 8, "accuracy": 1.0}, "urgency_level": {"count": 40, "accuracy": 0.975}}}, "validation": {"count": 168, "accuracy": 0.9464285714285714, "balanced_accuracy": 0.9451871657754011, "brier": 0.0428368469735814, "log_loss": 0.15901826778126416, "by_family": {"appointment": {"count": 10, "accuracy": 1.0}, "appointment_intent": {"count": 4, "accuracy": 1.0}, "boundary_budget": {"count": 2, "accuracy": 1.0}, "boundary_distance": {"count": 2, "accuracy": 1.0}, "boundary_duration": {"count": 2, "accuracy": 1.0}, "boundary_ratio": {"count": 2, "accuracy": 0.5}, "boundary_stock": {"count": 2, "accuracy": 0.5}, "cancellation": {"count": 2, "accuracy": 1.0}, "coding_billing": {"count": 2, "accuracy": 1.0}, "coding_routing": {"count": 8, "accuracy": 1.0}, "conditions": {"count": 2, "accuracy": 1.0}, "day_or_time_lookup": {"count": 12, "accuracy": 1.0}, "duplicate": {"count": 8, "accuracy": 1.0}, "duplicate_issue": {"count": 2, "accuracy": 0.5}, "duplicate_reports": {"count": 4, "accuracy": 0.75}, "everyday": {"count": 2, "accuracy": 1.0}, "language_of_text": {"count": 8, "accuracy": 1.0}, "mixed_intent": {"count": 4, "accuracy": 1.0}, "negation": {"count": 4, "accuracy": 1.0}, "permission": {"count": 2, "accuracy": 1.0}, "reference": {"count": 2, "accuracy": 1.0}, "refund": {"count": 10, "accuracy": 0.9}, "refund_intent": {"count": 4, "accuracy": 1.0}, "reported_speech": {"count": 2, "accuracy": 1.0}, "request_routing": {"count": 4, "accuracy": 1.0}, "request_type": {"count": 12, "accuracy": 1.0}, "sentiment": {"count": 8, "accuracy": 0.875}, "support_routing": {"count": 12, "accuracy": 0.8333333333333334}, "temporal": {"count": 2, "accuracy": 1.0}, "unit_or_quantity": {"count": 8, "accuracy": 1.0}, "urgency": {"count": 8, "accuracy": 1.0}, "urgency_level": {"count": 12, "accuracy": 0.9166666666666666}}, "choice_accuracy": 0.9444444444444444, "choice_count": 18}, "elapsed_seconds": 222.4245653329417}
{"epoch": 8, "train_loss": 0.057073705209246865, "training": {"count": 692, "accuracy": 0.9927745664739884, "balanced_accuracy": 0.9921332029476477, "brier": 0.004376406306392425, "log_loss": 0.015407495286753082, "by_family": {"appointment": {"count": 42, "accuracy": 1.0}, "appointment_boundary": {"count": 6, "accuracy": 1.0}, "appointment_intent": {"count": 16, "accuracy": 1.0}, "billing_boundary": {"count": 8, "accuracy": 0.75}, "cancellation": {"count": 10, "accuracy": 1.0}, "capacity_boundary": {"count": 8, "accuracy": 1.0}, "coding_billing": {"count": 10, "accuracy": 1.0}, "coding_routing": {"count": 32, "accuracy": 1.0}, "conditions": {"count": 10, "accuracy": 1.0}, "day_or_time_lookup": {"count": 40, "accuracy": 1.0}, "duplicate": {"count": 32, "accuracy": 1.0}, "duplicate_issue": {"count": 10, "accuracy": 1.0}, "duplicate_reports": {"count": 16, "accuracy": 1.0}, "everyday": {"count": 10, "accuracy": 1.0}, "language_of_text": {"count": 40, "accuracy": 0.925}, "mixed_intent": {"count": 10, "accuracy": 1.0}, "negation": {"count": 10, "accuracy": 1.0}, "permission": {"count": 10, "accuracy": 1.0}, "quantity_boundary": {"count": 8, "accuracy": 1.0}, "reference": {"count": 10, "accuracy": 1.0}, "refund": {"count": 42, "accuracy": 1.0}, "refund_boundary": {"count": 6, "accuracy": 1.0}, "refund_intent": {"count": 16, "accuracy": 1.0}, "reported_speech": {"count": 10, "accuracy": 1.0}, "request_routing": {"count": 16, "accuracy": 1.0}, "request_type": {"count": 44, "accuracy": 1.0}, "sentiment": {"count": 40, "accuracy": 1.0}, "support_routing": {"count": 44, "accuracy": 1.0}, "temporal": {"count": 10, "accuracy": 1.0}, "time_boundary": {"count": 6, "accuracy": 1.0}, "unit_or_quantity": {"count": 40, "accuracy": 1.0}, "urgency": {"count": 32, "accuracy": 1.0}, "urgency_boundary": {"count": 8, "accuracy": 1.0}, "urgency_level": {"count": 40, "accuracy": 1.0}}}, "validation": {"count": 168, "accuracy": 0.9345238095238095, "balanced_accuracy": 0.9273618538324421, "brier": 0.04353572584605171, "log_loss": 0.188824522428813, "by_family": {"appointment": {"count": 10, "accuracy": 1.0}, "appointment_intent": {"count": 4, "accuracy": 1.0}, "boundary_budget": {"count": 2, "accuracy": 1.0}, "boundary_distance": {"count": 2, "accuracy": 1.0}, "boundary_duration": {"count": 2, "accuracy": 1.0}, "boundary_ratio": {"count": 2, "accuracy": 0.5}, "boundary_stock": {"count": 2, "accuracy": 0.5}, "cancellation": {"count": 2, "accuracy": 1.0}, "coding_billing": {"count": 2, "accuracy": 1.0}, "coding_routing": {"count": 8, "accuracy": 1.0}, "conditions": {"count": 2, "accuracy": 1.0}, "day_or_time_lookup": {"count": 12, "accuracy": 1.0}, "duplicate": {"count": 8, "accuracy": 1.0}, "duplicate_issue": {"count": 2, "accuracy": 0.5}, "duplicate_reports": {"count": 4, "accuracy": 0.5}, "everyday": {"count": 2, "accuracy": 1.0}, "language_of_text": {"count": 8, "accuracy": 0.875}, "mixed_intent": {"count": 4, "accuracy": 1.0}, "negation": {"count": 4, "accuracy": 1.0}, "permission": {"count": 2, "accuracy": 1.0}, "reference": {"count": 2, "accuracy": 1.0}, "refund": {"count": 10, "accuracy": 0.9}, "refund_intent": {"count": 4, "accuracy": 1.0}, "reported_speech": {"count": 2, "accuracy": 1.0}, "request_routing": {"count": 4, "accuracy": 1.0}, "request_type": {"count": 12, "accuracy": 1.0}, "sentiment": {"count": 8, "accuracy": 0.875}, "support_routing": {"count": 12, "accuracy": 0.8333333333333334}, "temporal": {"count": 2, "accuracy": 1.0}, "unit_or_quantity": {"count": 8, "accuracy": 1.0}, "urgency": {"count": 8, "accuracy": 1.0}, "urgency_level": {"count": 12, "accuracy": 0.9166666666666666}}, "choice_accuracy": 0.9444444444444444, "choice_count": 18}, "elapsed_seconds": 254.55613595806062}
Exported models/v4-base-mnli; single-fixture max logit error 1.4305115e-06
{
  "count": 52,
  "accuracy": 0.9615384615384616,
  "balanced_accuracy": 0.9615384615384616,
  "brier": 0.03796901828729642,
  "log_loss": 0.1478092313834286,
  "by_family": {
    "appointment": {
      "count": 6,
      "accuracy": 1.0
    },
    "appointment_intent": {
      "count": 2,
      "accuracy": 1.0
    },
    "cancellation": {
      "count": 2,
      "accuracy": 1.0
    },
    "coding_billing": {
      "count": 2,
      "accuracy": 1.0
    },
    "coding_routing": {
      "count": 4,
      "accuracy": 1.0
    },
    "duplicate": {
      "count": 4,
      "accuracy": 1.0
    },
    "duplicate_issue": {
      "count": 2,
      "accuracy": 1.0
    },
    "duplicate_reports": {
      "count": 2,
      "accuracy": 0.5
    },
    "everyday": {
      "count": 2,
      "accuracy": 1.0
    },
    "mixed_intent": {
      "count": 2,
      "accuracy": 1.0
    },
    "negation": {
      "count": 2,
      "accuracy": 1.0
    },
    "reference": {
      "count": 2,
      "accuracy": 1.0
    },
    "refund": {
      "count": 8,
      "accuracy": 0.875
    },
    "refund_intent": {
      "count": 2,
      "accuracy": 1.0
    },
    "reported_speech": {
      "count": 2,
      "accuracy": 1.0
    },
    "request_routing": {
      "count": 2,
      "accuracy": 1.0
    },
    "urgency": {
      "count": 6,
      "accuracy": 1.0
    }
  },
  "majority_accuracy": 0.5,
  "p50_ms": 26.63429151289165,
  "p95_ms": 53.62887940136715,
  "choice_accuracy": 0.9,
  "choice_count": 10,
  "choice_log_loss": 0.46190160478239284,
  "choice_by_family": {
    "support_routing": {
      "count": 2,
      "accuracy": 1.0
    },
    "request_type": {
      "count": 2,
      "accuracy": 1.0
    },
    "sentiment": {
      "count": 1,
      "accuracy": 0.0
    },
    "urgency_level": {
      "count": 2,
      "accuracy": 1.0
    },
    "language_of_text": {
      "count": 1,
      "accuracy": 1.0
    },
    "day_or_time_lookup": {
      "count": 1,
      "accuracy": 1.0
    },
    "unit_or_quantity": {
      "count": 1,
      "accuracy": 1.0
    }
  },
  "split": "calibration",
  "temperature": 2.2908676527677745,
  "bundle": "models/v4-base-mnli",
  "model_sha256": "0d35308bd80c3c800a8232bab0fb6797388bd7428c2a21e9e1774849408cfca2",
  "data_sha256": {
    "/Users/ace/Desktop/prjx/DecisionModel/data/seed.jsonl": "cef1201c94d55a56679e95eeba0a8b3f075a9a7ba9a745922fd723d77562c495",
    "/Users/ace/Desktop/prjx/DecisionModel/data/plain-questions.jsonl": "863b5b3817b9b2ce60efbdfabb55bbbc1b89fce7a88acc60717175fb8ae1c830",
    "data/expansion-v2.jsonl": "bae3edb1bd35855dcb4d5c346efd0fcdaae3b28ef219d7f8f06f1634f899810e",
    "data/choices.jsonl": "bc818e5cae7957ba42b0bb472a99c7522d7deac1bd371b4b5c5e1153246efaeb"
  },
  "constant_half_brier": 0.25,
  "constant_half_log_loss": 0.6931471805599453,
  "note": "Synthetic unreviewed pilot; these timings are not the 1000-call release benchmark."
}
