    Finished `release` profile [optimized] target(s) in 0.25s
     Running unittests src/lib.rs (code/target/release/deps/decisiongator-81eb0c441365fdb6)

running 8 tests
test tests::invalid_abi_inputs_do_not_write_probability ... ok
test tests::unsupported_templates_and_empty_criteria_are_rejected ... ok
test tests::errors_can_be_copied_without_being_cleared ... ok
test tests::choice_prompts_and_ranking ... ok
test tests::invalid_choice_abi_inputs_do_not_write_outputs ... ok
test tests::template_versions_preserve_pair_order_and_criteria ... ok
test tests::invalid_text_and_missing_bundle_are_rejected ... ok
test tests::panic_is_contained_at_boundary ... ok

test result: ok. 8 passed; 0 failed; 0 ignored; 0 measured; 0 filtered out; finished in 0.00s

   Doc-tests decisiongator

running 0 tests

test result: ok. 0 passed; 0 failed; 0 ignored; 0 measured; 0 filtered out; finished in 0.00s

    Finished `release` profile [optimized] target(s) in 0.06s
/Users/ace/Desktop/prjx/DecisionModel/released/macos-arm64/libdecisiongator.dylib: replacing existing signature
p_yes=0.996782226
top=billing p=0.943029387
{
  "checks": 168,
  "status": "passed",
  "unicode_criteria_p_yes": 0.9947915411986116
}
Built and tested bundle: /Users/ace/Desktop/prjx/DecisionModel/released/macos-arm64
EXIT 0
