[INFO] Scanning for projects...
[INFO] 
[INFO] -----------------< org.decisiongator:decisiongator-java >-----------------
[INFO] Building DecisionGator Java 0.3.0
[INFO]   from pom.xml
[INFO] --------------------------------[ jar ]---------------------------------
[INFO] 
[INFO] --- resources:3.4.0:resources (default-resources) @ decisiongator-java ---
[INFO] Copying 1 resource from src/main/resources to target/classes
[INFO] 
[INFO] --- compiler:3.14.1:compile (default-compile) @ decisiongator-java ---
[INFO] Recompiling the module because of changed source code.
[INFO] Compiling 8 source files with javac [debug release 17] to target/classes
[INFO] 
[INFO] --- resources:3.4.0:testResources (default-testResources) @ decisiongator-java ---
[INFO] skip non existing resourceDirectory /Users/ace/Desktop/prjx/DecisionModel/java/src/test/resources
[INFO] 
[INFO] --- compiler:3.14.1:testCompile (default-testCompile) @ decisiongator-java ---
[INFO] Recompiling the module because of changed dependency.
[INFO] Compiling 4 source files with javac [debug release 17] to target/test-classes
[INFO] /Users/ace/Desktop/prjx/DecisionModel/java/src/test/java/org/decisiongator/DecisionsTest.java: /Users/ace/Desktop/prjx/DecisionModel/java/src/test/java/org/decisiongator/DecisionsTest.java uses unchecked or unsafe operations.
[INFO] /Users/ace/Desktop/prjx/DecisionModel/java/src/test/java/org/decisiongator/DecisionsTest.java: Recompile with -Xlint:unchecked for details.
[INFO] 
[INFO] --- surefire:3.5.4:test (default-test) @ decisiongator-java ---
[INFO] Using auto detected provider org.apache.maven.surefire.junitplatform.JUnitPlatformProvider
[WARNING] System property [decisiongator.bundle] overwritten by user properties from Maven session
[INFO] 
[INFO] -------------------------------------------------------
[INFO]  T E S T S
[INFO] -------------------------------------------------------
[INFO] Running org.decisiongator.DecisionGatorChoiceIntegrationTest
[INFO] Tests run: 6, Failures: 0, Errors: 0, Skipped: 0, Time elapsed: 3.058 s -- in org.decisiongator.DecisionGatorChoiceIntegrationTest
[INFO] Running org.decisiongator.DecisionGatorTest
[INFO] Tests run: 6, Failures: 0, Errors: 0, Skipped: 0, Time elapsed: 0.013 s -- in org.decisiongator.DecisionGatorTest
[INFO] Running org.decisiongator.DecisionsTest
[INFO] Tests run: 6, Failures: 0, Errors: 0, Skipped: 0, Time elapsed: 0.009 s -- in org.decisiongator.DecisionsTest
[INFO] Running org.decisiongator.DecisionGatorIntegrationTest
[INFO] Tests run: 6, Failures: 0, Errors: 0, Skipped: 0, Time elapsed: 2.023 s -- in org.decisiongator.DecisionGatorIntegrationTest
[INFO] 
[INFO] Results:
[INFO] 
[INFO] Tests run: 24, Failures: 0, Errors: 0, Skipped: 0
[INFO] 
[INFO] 
[INFO] --- jar:3.4.2:jar (default-jar) @ decisiongator-java ---
[INFO] Building jar: /Users/ace/Desktop/prjx/DecisionModel/java/target/decisiongator-java-0.3.0.jar
[INFO] 
[INFO] --- jar:3.4.2:jar (native-bundle) @ decisiongator-java ---
[INFO] Building jar: /Users/ace/Desktop/prjx/DecisionModel/java/target/decisiongator-java-0.3.0-macos-arm64.jar
[INFO] 
[INFO] --- source:3.3.1:jar-no-fork (sources) @ decisiongator-java ---
[INFO] Building jar: /Users/ace/Desktop/prjx/DecisionModel/java/target/decisiongator-java-0.3.0-sources.jar
[INFO] 
[INFO] --- javadoc:3.11.2:jar (javadoc) @ decisiongator-java ---
[INFO] No previous run data found, generating javadoc.
[INFO] Building jar: /Users/ace/Desktop/prjx/DecisionModel/java/target/decisiongator-java-0.3.0-javadoc.jar
[INFO] 
[INFO] --- install:3.1.4:install (default-install) @ decisiongator-java ---
[INFO] Installing /Users/ace/Desktop/prjx/DecisionModel/java/pom.xml to /Users/ace/Desktop/prjx/DecisionModel/tools/maven-repository/org/decisiongator/decisiongator-java/0.3.0/decisiongator-java-0.3.0.pom
[INFO] Installing /Users/ace/Desktop/prjx/DecisionModel/java/target/decisiongator-java-0.3.0.jar to /Users/ace/Desktop/prjx/DecisionModel/tools/maven-repository/org/decisiongator/decisiongator-java/0.3.0/decisiongator-java-0.3.0.jar
[INFO] Installing /Users/ace/Desktop/prjx/DecisionModel/java/target/decisiongator-java-0.3.0-macos-arm64.jar to /Users/ace/Desktop/prjx/DecisionModel/tools/maven-repository/org/decisiongator/decisiongator-java/0.3.0/decisiongator-java-0.3.0-macos-arm64.jar
[INFO] Installing /Users/ace/Desktop/prjx/DecisionModel/java/target/decisiongator-java-0.3.0-sources.jar to /Users/ace/Desktop/prjx/DecisionModel/tools/maven-repository/org/decisiongator/decisiongator-java/0.3.0/decisiongator-java-0.3.0-sources.jar
[INFO] Installing /Users/ace/Desktop/prjx/DecisionModel/java/target/decisiongator-java-0.3.0-javadoc.jar to /Users/ace/Desktop/prjx/DecisionModel/tools/maven-repository/org/decisiongator/decisiongator-java/0.3.0/decisiongator-java-0.3.0-javadoc.jar
[INFO] ------------------------------------------------------------------------
[INFO] BUILD SUCCESS
[INFO] ------------------------------------------------------------------------
[INFO] Total time:  12.468 s
[INFO] Finished at: 2026-09-19T14:54:46+01:00
[INFO] ------------------------------------------------------------------------
Java artifacts: /Users/ace/Desktop/prjx/DecisionModel/released/java
