saved last epoch 5
/content/dg/training/pipeline.py:322: DeprecationWarning: You are using the legacy TorchScript-based ONNX export. Starting in PyTorch 2.9, the new torch.export-based ONNX exporter has become the default. Learn more about the new export logic: https://docs.pytorch.org/docs/stable/onnx_export.html. For exporting control flow: https://pytorch.org/tutorials/beginner/onnx/export_control_flow_model_to_onnx_tutorial.html
  torch.onnx.export(Wrapper().eval(), tuple(sample[n] for n in names), str(output/'model.onnx'),
Exported models/large-best; single-fixture max logit error 9.5367432e-07
{
  "count": 244,
  "accuracy": 0.9221311475409836,
  "balanced_accuracy": 0.9221311475409837,
  "brier": 0.06337307850799476,
  "log_loss": 0.21939482887914444,
  "by_family": {
    "appointment": {
      "count": 6,
      "accuracy": 1.0
    },
    "appointment_intent": {
      "count": 14,
      "accuracy": 1.0
    },
    "cancellation": {
      "count": 2,
      "accuracy": 1.0
    },
    "cancellation_intent": {
      "count": 12,
      "accuracy": 1.0
    },
    "coding_billing": {
      "count": 2,
      "accuracy": 1.0
    },
    "coding_routing": {
      "count": 4,
      "accuracy": 1.0
    },
    "duplicate": {
      "count": 4,
      "accuracy": 1.0
    },
    "duplicate_issue": {
      "count": 2,
      "accuracy": 1.0
    },
    "duplicate_reports": {
      "count": 14,
      "accuracy": 0.8571428571428571
    },
    "eligibility": {
      "count": 12,
      "accuracy": 0.6666666666666666
    },
    "email_screening": {
      "count": 12,
      "accuracy": 0.9166666666666666
    },
    "events_timeline": {
      "count": 12,
      "accuracy": 0.6666666666666666
    },
    "everyday": {
      "count": 14,
      "accuracy": 1.0
    },
    "evidence_presence": {
      "count": 12,
      "accuracy": 1.0
    },
    "mixed_intent": {
      "count": 2,
      "accuracy": 1.0
    },
    "negation": {
      "count": 14,
      "accuracy": 0.8571428571428571
    },
    "numeric_criteria": {
      "count": 12,
      "accuracy": 0.9166666666666666
    },
    "permissions": {
      "count": 12,
      "accuracy": 1.0
    },
    "quoted_instructions": {
      "count": 12,
      "accuracy": 0.9166666666666666
    },
    "reference": {
      "count": 2,
      "accuracy": 1.0
    },
    "refund": {
      "count": 8,
      "accuracy": 1.0
    },
    "refund_intent": {
      "count": 14,
      "accuracy": 1.0
    },
    "reported_speech": {
      "count": 2,
      "accuracy": 1.0
    },
    "request_routing": {
      "count": 2,
      "accuracy": 1.0
    },
    "routing": {
      "count": 12,
      "accuracy": 0.9166666666666666
    },
    "spam_promotion": {
      "count": 12,
      "accuracy": 0.8333333333333334
    },
    "urgency": {
      "count": 18,
      "accuracy": 0.9444444444444444
    }
  },
  "majority_accuracy": 0.5,
  "p50_ms": 154.45671049997145,
  "p95_ms": 245.76461660010406,
  "choice_accuracy": 1.0,
  "choice_count": 10,
  "choice_log_loss": 0.43277503503266396,
  "choice_by_family": {
    "support_routing": {
      "count": 2,
      "accuracy": 1.0
    },
    "request_type": {
      "count": 2,
      "accuracy": 1.0
    },
    "sentiment": {
      "count": 1,
      "accuracy": 1.0
    },
    "urgency_level": {
      "count": 2,
      "accuracy": 1.0
    },
    "language_of_text": {
      "count": 1,
      "accuracy": 1.0
    },
    "day_or_time_lookup": {
      "count": 1,
      "accuracy": 1.0
    },
    "unit_or_quantity": {
      "count": 1,
      "accuracy": 1.0
    }
  },
  "split": "calibration",
  "temperature": 1.6218100973589302,
  "bundle": "models/large-best",
  "model_sha256": "3e1e9c3e6453e410a9615bb83c0ede047c906adcdd000c3db8ff890995e03f4c",
  "data_sha256": {
    "/content/dg/data/seed.jsonl": "cef1201c94d55a56679e95eeba0a8b3f075a9a7ba9a745922fd723d77562c495",
    "/content/dg/data/plain-questions.jsonl": "863b5b3817b9b2ce60efbdfabb55bbbc1b89fce7a88acc60717175fb8ae1c830",
    "data/expansion-v2.jsonl": "bae3edb1bd35855dcb4d5c346efd0fcdaae3b28ef219d7f8f06f1634f899810e",
    "data/choices.jsonl": "bc818e5cae7957ba42b0bb472a99c7522d7deac1bd371b4b5c5e1153246efaeb",
    "data/v4/appointment_intent.jsonl": "956804d5c4341501f1282af78a6d6716a3dbef3d159ce035cf1ccdb2212b5d29",
    "data/v4/cancellation_intent.jsonl": "9d3de9b007c29096edd48ee14485cef2f5d7fb3010f3d5eeffb99d0488d1e2c7",
    "data/v4/duplicate_reports.jsonl": "4f6079a9bcdd28b2b9a27f062f70a2686462cf5ec015dac3c1fef6199c80e8f1",
    "data/v4/eligibility.jsonl": "61156503cd298c67d4ced01bc2405adb20e834d11723a4aa9df3d6ebaf71c0fd",
    "data/v4/email_screening.jsonl": "c5590d8705d4ef7f0cae3721b5f8dca9b5add4af2611f174a956f174ee8e0701",
    "data/v4/events_timeline.jsonl": "dd1fab80e382bbdba3e1723104b093ba834b22a2cf0733a1bc18da09cbc49212",
    "data/v4/everyday.jsonl": "dfdbbb1067bc13f170b1f61cd4a15cfe26d8e9ababe72b6a723ad974d978d212",
    "data/v4/evidence_presence.jsonl": "087c14ef2979678d5ecc1f3dbec29675dbd35a50fc62e91c4b9a1e8882c894ef",
    "data/v4/negation.jsonl": "904db1b9a6182f8380dc90e721bc5921544818005165bfc4bcdf3a4d921302e4",
    "data/v4/numeric_criteria.jsonl": "bc6ea2631db10a7f0cdc2711bb42358975416d1a83bd21e951d3f44ae16e3ba8",
    "data/v4/permissions.jsonl": "e2206f577a0670f83e5d6e4d2620c5e412bc79557fba6a6ad5d8b35aa5179096",
    "data/v4/quoted_instructions.jsonl": "5d1d039310f4ad6c46d991f8bd214f512dd656707a5915101b86c9e3d5ff9dad",
    "data/v4/refund_intent.jsonl": "13924eb2a5b077682d23bfe4863b50b7aa0efe1c6f409ee2a8555fb23b2d6ae5",
    "data/v4/routing.jsonl": "b0570922e4553ee0f8b9a3d2062e986d2285aadd68b85f3f731a0ea2fffeb14c",
    "data/v4/spam_promotion.jsonl": "37be05675ae938eb42fc5ac9898e0eff37499956e6e68a3785f2599c8e937df5",
    "data/v4/urgency.jsonl": "37375eb8b816381f744cefd3b84f7006ae788bf6b710237de7aba4b228cd6bbf"
  },
  "constant_half_brier": 0.25,
  "constant_half_log_loss": 0.6931471805599453,
  "note": "Synthetic unreviewed pilot; these timings are not the 1000-call release benchmark."
}
{
  "count": 448,
  "accuracy": 0.9464285714285714,
  "balanced_accuracy": 0.9464285714285714,
  "brier": 0.04348141972111814,
  "log_loss": 0.15348307520616172,
  "by_family": {
    "appointment": {
      "count": 10,
      "accuracy": 1.0
    },
    "appointment_intent": {
      "count": 26,
      "accuracy": 1.0
    },
    "boundary_budget": {
      "count": 2,
      "accuracy": 1.0
    },
    "boundary_distance": {
      "count": 2,
      "accuracy": 1.0
    },
    "boundary_duration": {
      "count": 2,
      "accuracy": 1.0
    },
    "boundary_ratio": {
      "count": 2,
      "accuracy": 0.5
    },
    "boundary_stock": {
      "count": 2,
      "accuracy": 0.5
    },
    "cancellation": {
      "count": 2,
      "accuracy": 1.0
    },
    "cancellation_intent": {
      "count": 22,
      "accuracy": 1.0
    },
    "coding_billing": {
      "count": 2,
      "accuracy": 1.0
    },
    "coding_routing": {
      "count": 8,
      "accuracy": 1.0
    },
    "conditions": {
      "count": 2,
      "accuracy": 0.5
    },
    "duplicate": {
      "count": 8,
      "accuracy": 1.0
    },
    "duplicate_issue": {
      "count": 2,
      "accuracy": 1.0
    },
    "duplicate_reports": {
      "count": 26,
      "accuracy": 0.9615384615384616
    },
    "eligibility": {
      "count": 22,
      "accuracy": 0.8636363636363636
    },
    "email_screening": {
      "count": 22,
      "accuracy": 0.9090909090909091
    },
    "events_timeline": {
      "count": 22,
      "accuracy": 0.8636363636363636
    },
    "everyday": {
      "count": 24,
      "accuracy": 0.9583333333333334
    },
    "evidence_presence": {
      "count": 22,
      "accuracy": 1.0
    },
    "mixed_intent": {
      "count": 4,
      "accuracy": 1.0
    },
    "negation": {
      "count": 26,
      "accuracy": 1.0
    },
    "numeric_criteria": {
      "count": 22,
      "accuracy": 0.7727272727272727
    },
    "permission": {
      "count": 2,
      "accuracy": 1.0
    },
    "permissions": {
      "count": 22,
      "accuracy": 0.9545454545454546
    },
    "quoted_instructions": {
      "count": 22,
      "accuracy": 0.9090909090909091
    },
    "reference": {
      "count": 2,
      "accuracy": 1.0
    },
    "refund": {
      "count": 10,
      "accuracy": 0.9
    },
    "refund_intent": {
      "count": 26,
      "accuracy": 1.0
    },
    "reported_speech": {
      "count": 2,
      "accuracy": 1.0
    },
    "request_routing": {
      "count": 4,
      "accuracy": 1.0
    },
    "routing": {
      "count": 22,
      "accuracy": 1.0
    },
    "spam_promotion": {
      "count": 22,
      "accuracy": 0.9545454545454546
    },
    "temporal": {
      "count": 2,
      "accuracy": 1.0
    },
    "urgency": {
      "count": 30,
      "accuracy": 0.9666666666666667
    }
  },
  "majority_accuracy": 0.5,
  "p50_ms": 154.9205180001536,
  "p95_ms": 239.34834100000438,
  "choice_accuracy": 0.8888888888888888,
  "choice_count": 18,
  "choice_log_loss": 0.35045105694604656,
  "choice_by_family": {
    "support_routing": {
      "count": 3,
      "accuracy": 0.6666666666666666
    },
    "request_type": {
      "count": 3,
      "accuracy": 1.0
    },
    "sentiment": {
      "count": 2,
      "accuracy": 0.5
    },
    "urgency_level": {
      "count": 3,
      "accuracy": 1.0
    },
    "language_of_text": {
      "count": 2,
      "accuracy": 1.0
    },
    "day_or_time_lookup": {
      "count": 3,
      "accuracy": 1.0
    },
    "unit_or_quantity": {
      "count": 2,
      "accuracy": 1.0
    }
  },
  "split": "validation",
  "temperature": 1.6218100973589302,
  "bundle": "models/large-best",
  "model_sha256": "3e1e9c3e6453e410a9615bb83c0ede047c906adcdd000c3db8ff890995e03f4c",
  "data_sha256": {
    "/content/dg/data/seed.jsonl": "cef1201c94d55a56679e95eeba0a8b3f075a9a7ba9a745922fd723d77562c495",
    "/content/dg/data/plain-questions.jsonl": "863b5b3817b9b2ce60efbdfabb55bbbc1b89fce7a88acc60717175fb8ae1c830",
    "data/expansion-v2.jsonl": "bae3edb1bd35855dcb4d5c346efd0fcdaae3b28ef219d7f8f06f1634f899810e",
    "data/choices.jsonl": "bc818e5cae7957ba42b0bb472a99c7522d7deac1bd371b4b5c5e1153246efaeb",
    "data/v4/appointment_intent.jsonl": "956804d5c4341501f1282af78a6d6716a3dbef3d159ce035cf1ccdb2212b5d29",
    "data/v4/cancellation_intent.jsonl": "9d3de9b007c29096edd48ee14485cef2f5d7fb3010f3d5eeffb99d0488d1e2c7",
    "data/v4/duplicate_reports.jsonl": "4f6079a9bcdd28b2b9a27f062f70a2686462cf5ec015dac3c1fef6199c80e8f1",
    "data/v4/eligibility.jsonl": "61156503cd298c67d4ced01bc2405adb20e834d11723a4aa9df3d6ebaf71c0fd",
    "data/v4/email_screening.jsonl": "c5590d8705d4ef7f0cae3721b5f8dca9b5add4af2611f174a956f174ee8e0701",
    "data/v4/events_timeline.jsonl": "dd1fab80e382bbdba3e1723104b093ba834b22a2cf0733a1bc18da09cbc49212",
    "data/v4/everyday.jsonl": "dfdbbb1067bc13f170b1f61cd4a15cfe26d8e9ababe72b6a723ad974d978d212",
    "data/v4/evidence_presence.jsonl": "087c14ef2979678d5ecc1f3dbec29675dbd35a50fc62e91c4b9a1e8882c894ef",
    "data/v4/negation.jsonl": "904db1b9a6182f8380dc90e721bc5921544818005165bfc4bcdf3a4d921302e4",
    "data/v4/numeric_criteria.jsonl": "bc6ea2631db10a7f0cdc2711bb42358975416d1a83bd21e951d3f44ae16e3ba8",
    "data/v4/permissions.jsonl": "e2206f577a0670f83e5d6e4d2620c5e412bc79557fba6a6ad5d8b35aa5179096",
    "data/v4/quoted_instructions.jsonl": "5d1d039310f4ad6c46d991f8bd214f512dd656707a5915101b86c9e3d5ff9dad",
    "data/v4/refund_intent.jsonl": "13924eb2a5b077682d23bfe4863b50b7aa0efe1c6f409ee2a8555fb23b2d6ae5",
    "data/v4/routing.jsonl": "b0570922e4553ee0f8b9a3d2062e986d2285aadd68b85f3f731a0ea2fffeb14c",
    "data/v4/spam_promotion.jsonl": "37be05675ae938eb42fc5ac9898e0eff37499956e6e68a3785f2599c8e937df5",
    "data/v4/urgency.jsonl": "37375eb8b816381f744cefd3b84f7006ae788bf6b710237de7aba4b228cd6bbf"
  },
  "constant_half_brier": 0.25,
  "constant_half_log_loss": 0.6931471805599453,
  "note": "Synthetic unreviewed pilot; these timings are not the 1000-call release benchmark."
}
{
  "count": 480,
  "accuracy": 0.9229166666666667,
  "balanced_accuracy": 0.9229166666666666,
  "brier": 0.06223620369402035,
  "log_loss": 0.2059509079199629,
  "by_family": {
    "appointment_intent": {
      "count": 30,
      "accuracy": 0.9666666666666667
    },
    "cancellation_intent": {
      "count": 30,
      "accuracy": 0.9666666666666667
    },
    "duplicate_reports": {
      "count": 30,
      "accuracy": 0.9
    },
    "eligibility": {
      "count": 30,
      "accuracy": 0.8
    },
    "email_screening": {
      "count": 30,
      "accuracy": 0.9666666666666667
    },
    "events_timeline": {
      "count": 30,
      "accuracy": 0.9666666666666667
    },
    "everyday": {
      "count": 30,
      "accuracy": 1.0
    },
    "evidence_presence": {
      "count": 30,
      "accuracy": 0.9333333333333333
    },
    "negation": {
      "count": 30,
      "accuracy": 1.0
    },
    "numeric_criteria": {
      "count": 30,
      "accuracy": 0.7
    },
    "permissions": {
      "count": 30,
      "accuracy": 0.8666666666666667
    },
    "quoted_instructions": {
      "count": 30,
      "accuracy": 0.9666666666666667
    },
    "refund_intent": {
      "count": 30,
      "accuracy": 1.0
    },
    "routing": {
      "count": 30,
      "accuracy": 0.9333333333333333
    },
    "spam_promotion": {
      "count": 30,
      "accuracy": 0.9666666666666667
    },
    "urgency": {
      "count": 30,
      "accuracy": 0.8333333333333334
    }
  },
  "majority_accuracy": 0.5,
  "p50_ms": 183.59405299997889,
  "p95_ms": 243.34856404984748,
  "split": "test",
  "temperature": 1.6218100973589302,
  "bundle": "models/large-best",
  "model_sha256": "3e1e9c3e6453e410a9615bb83c0ede047c906adcdd000c3db8ff890995e03f4c",
  "data_sha256": {
    "data/v4/test-1.jsonl": "3cb7a03974c818c659379b701a6b0639e08bc717d174c0899ddd0e75b3e7d136",
    "data/v4/test-2.jsonl": "bd33dc973bb795ace1a4055f53f309c3a7a821982b3256ad0346f9c0562a1e4a",
    "data/v4/test-3.jsonl": "9c4ef367557ed8bff89874a89dec91a70ba642eca3047676857b8909072e8595",
    "data/v4/test-4.jsonl": "ad33a3bde136c7ddea47872b020fc279f3a38e5dd1d80b2e32ec2ab09c9dc8fd"
  },
  "constant_half_brier": 0.25,
  "constant_half_log_loss": 0.6931471805599453,
  "note": "Synthetic unreviewed pilot; these timings are not the 1000-call release benchmark."
}
{
  "count": 80,
  "accuracy": 0.925,
  "balanced_accuracy": 0.925,
  "brier": 0.047336310653727995,
  "log_loss": 0.1586710374899782,
  "by_family": {
    "appointment_intent": {
      "count": 7,
      "accuracy": 1.0
    },
    "cancellation_intent": {
      "count": 7,
      "accuracy": 1.0
    },
    "coding_billing": {
      "count": 7,
      "accuracy": 0.8571428571428571
    },
    "duplicate_reports": {
      "count": 7,
      "accuracy": 0.8571428571428571
    },
    "eligibility": {
      "count": 7,
      "accuracy": 0.7142857142857143
    },
    "events": {
      "count": 7,
      "accuracy": 1.0
    },
    "negation": {
      "count": 5,
      "accuracy": 1.0
    },
    "numeric_criteria": {
      "count": 11,
      "accuracy": 0.8181818181818182
    },
    "permissions": {
      "count": 8,
      "accuracy": 1.0
    },
    "quoted_instructions": {
      "count": 5,
      "accuracy": 1.0
    },
    "refund_intent": {
      "count": 9,
      "accuracy": 1.0
    }
  },
  "majority_accuracy": 0.5,
  "p50_ms": 116.17779099992731,
  "p95_ms": 151.51259670005857,
  "split": "test",
  "temperature": 1.6218100973589302,
  "bundle": "models/large-best",
  "model_sha256": "3e1e9c3e6453e410a9615bb83c0ede047c906adcdd000c3db8ff890995e03f4c",
  "data_sha256": {
    "data/evaluation-v2.jsonl": "ffda37e4ea80042a0a78c5be266c836c1ff3b6f13bffebe20c07553e0d1fb528"
  },
  "constant_half_brier": 0.25,
  "constant_half_log_loss": 0.6931471805599453,
  "note": "Synthetic unreviewed pilot; these timings are not the 1000-call release benchmark."
}
{
  "count": 52,
  "accuracy": 0.9423076923076923,
  "balanced_accuracy": 0.9423076923076923,
  "brier": 0.043581432270127306,
  "log_loss": 0.16144168575885054,
  "by_family": {
    "appointment": {
      "count": 4,
      "accuracy": 1.0
    },
    "appointment_intent": {
      "count": 2,
      "accuracy": 1.0
    },
    "coding_routing": {
      "count": 4,
      "accuracy": 1.0
    },
    "duplicate": {
      "count": 4,
      "accuracy": 1.0
    },
    "duplicate_reports": {
      "count": 2,
      "accuracy": 0.5
    },
    "permission": {
      "count": 10,
      "accuracy": 0.9
    },
    "refund": {
      "count": 4,
      "accuracy": 1.0
    },
    "refund_intent": {
      "count": 2,
      "accuracy": 1.0
    },
    "request_routing": {
      "count": 6,
      "accuracy": 1.0
    },
    "timeline": {
      "count": 10,
      "accuracy": 0.9
    },
    "urgency": {
      "count": 4,
      "accuracy": 1.0
    }
  },
  "majority_accuracy": 0.5,
  "p50_ms": 197.8513115000169,
  "p95_ms": 217.20029969994812,
  "choice_accuracy": 0.95,
  "choice_count": 20,
  "choice_log_loss": 0.25896113664001363,
  "choice_by_family": {
    "support_routing": {
      "count": 2,
      "accuracy": 1.0
    },
    "urgency_level": {
      "count": 2,
      "accuracy": 0.5
    },
    "unit_or_quantity": {
      "count": 2,
      "accuracy": 1.0
    },
    "document_type": {
      "count": 7,
      "accuracy": 1.0
    },
    "animal_or_object": {
      "count": 7,
      "accuracy": 1.0
    }
  },
  "split": "test",
  "temperature": 1.6218100973589302,
  "bundle": "models/large-best",
  "model_sha256": "3e1e9c3e6453e410a9615bb83c0ede047c906adcdd000c3db8ff890995e03f4c",
  "data_sha256": {
    "/content/dg/data/seed.jsonl": "cef1201c94d55a56679e95eeba0a8b3f075a9a7ba9a745922fd723d77562c495",
    "/content/dg/data/plain-questions.jsonl": "863b5b3817b9b2ce60efbdfabb55bbbc1b89fce7a88acc60717175fb8ae1c830",
    "data/expansion-v2.jsonl": "bae3edb1bd35855dcb4d5c346efd0fcdaae3b28ef219d7f8f06f1634f899810e",
    "data/choices.jsonl": "bc818e5cae7957ba42b0bb472a99c7522d7deac1bd371b4b5c5e1153246efaeb",
    "data/v4/appointment_intent.jsonl": "956804d5c4341501f1282af78a6d6716a3dbef3d159ce035cf1ccdb2212b5d29",
    "data/v4/cancellation_intent.jsonl": "9d3de9b007c29096edd48ee14485cef2f5d7fb3010f3d5eeffb99d0488d1e2c7",
    "data/v4/duplicate_reports.jsonl": "4f6079a9bcdd28b2b9a27f062f70a2686462cf5ec015dac3c1fef6199c80e8f1",
    "data/v4/eligibility.jsonl": "61156503cd298c67d4ced01bc2405adb20e834d11723a4aa9df3d6ebaf71c0fd",
    "data/v4/email_screening.jsonl": "c5590d8705d4ef7f0cae3721b5f8dca9b5add4af2611f174a956f174ee8e0701",
    "data/v4/events_timeline.jsonl": "dd1fab80e382bbdba3e1723104b093ba834b22a2cf0733a1bc18da09cbc49212",
    "data/v4/everyday.jsonl": "dfdbbb1067bc13f170b1f61cd4a15cfe26d8e9ababe72b6a723ad974d978d212",
    "data/v4/evidence_presence.jsonl": "087c14ef2979678d5ecc1f3dbec29675dbd35a50fc62e91c4b9a1e8882c894ef",
    "data/v4/negation.jsonl": "904db1b9a6182f8380dc90e721bc5921544818005165bfc4bcdf3a4d921302e4",
    "data/v4/numeric_criteria.jsonl": "bc6ea2631db10a7f0cdc2711bb42358975416d1a83bd21e951d3f44ae16e3ba8",
    "data/v4/permissions.jsonl": "e2206f577a0670f83e5d6e4d2620c5e412bc79557fba6a6ad5d8b35aa5179096",
    "data/v4/quoted_instructions.jsonl": "5d1d039310f4ad6c46d991f8bd214f512dd656707a5915101b86c9e3d5ff9dad",
    "data/v4/refund_intent.jsonl": "13924eb2a5b077682d23bfe4863b50b7aa0efe1c6f409ee2a8555fb23b2d6ae5",
    "data/v4/routing.jsonl": "b0570922e4553ee0f8b9a3d2062e986d2285aadd68b85f3f731a0ea2fffeb14c",
    "data/v4/spam_promotion.jsonl": "37be05675ae938eb42fc5ac9898e0eff37499956e6e68a3785f2599c8e937df5",
    "data/v4/urgency.jsonl": "37375eb8b816381f744cefd3b84f7006ae788bf6b710237de7aba4b228cd6bbf"
  },
  "constant_half_brier": 0.25,
  "constant_half_log_loss": 0.6931471805599453,
  "note": "Synthetic unreviewed pilot; these timings are not the 1000-call release benchmark."
}
{
  "count": 32,
  "accuracy": 0.90625,
  "balanced_accuracy": 0.90625,
  "brier": 0.04812801721871218,
  "log_loss": 0.13933634364566722,
  "by_family": {
    "spam_marketing_comment": {
      "count": 32,
      "accuracy": 0.90625
    }
  },
  "majority_accuracy": 0.5,
  "p50_ms": 144.45832099977451,
  "p95_ms": 351.1854765496764,
  "split": "test",
  "temperature": 1.6218100973589302,
  "bundle": "models/large-best",
  "model_sha256": "3e1e9c3e6453e410a9615bb83c0ede047c906adcdd000c3db8ff890995e03f4c",
  "data_sha256": {
    "data/spam-comments-test.jsonl": "bedc56db7877d5824c86366913dfaf715d398301dfa390eb50cb9448096a7fd2"
  },
  "constant_half_brier": 0.25,
  "constant_half_log_loss": 0.6931471805599453,
  "note": "Synthetic unreviewed pilot; these timings are not the 1000-call release benchmark."
}
{
  "count": 40,
  "accuracy": 0.825,
  "balanced_accuracy": 0.825,
  "brier": 0.10817557757887564,
  "log_loss": 0.32612369814571784,
  "by_family": {
    "email_address_presence": {
      "count": 40,
      "accuracy": 0.825
    }
  },
  "majority_accuracy": 0.5,
  "p50_ms": 112.37285300012445,
  "p95_ms": 130.63495050014353,
  "split": "test",
  "temperature": 1.6218100973589302,
  "bundle": "models/large-best",
  "model_sha256": "3e1e9c3e6453e410a9615bb83c0ede047c906adcdd000c3db8ff890995e03f4c",
  "data_sha256": {
    "data/email-address-test.jsonl": "07f685dd065d8e70283ec031751df84c35cec71720b8e2da54521d36ec20ee87"
  },
  "constant_half_brier": 0.25,
  "constant_half_log_loss": 0.6931471805599453,
  "note": "Synthetic unreviewed pilot; these timings are not the 1000-call release benchmark."
}
/content/dg/training/pipeline.py:322: DeprecationWarning: You are using the legacy TorchScript-based ONNX export. Starting in PyTorch 2.9, the new torch.export-based ONNX exporter has become the default. Learn more about the new export logic: https://docs.pytorch.org/docs/stable/onnx_export.html. For exporting control flow: https://pytorch.org/tutorials/beginner/onnx/export_control_flow_model_to_onnx_tutorial.html
  torch.onnx.export(Wrapper().eval(), tuple(sample[n] for n in names), str(output/'model.onnx'),
Exported models/large-last; single-fixture max logit error 9.5367432e-07
{
  "count": 244,
  "accuracy": 0.9221311475409836,
  "balanced_accuracy": 0.9221311475409837,
  "brier": 0.0610366395865457,
  "log_loss": 0.219539606211028,
  "by_family": {
    "appointment": {
      "count": 6,
      "accuracy": 1.0
    },
    "appointment_intent": {
      "count": 14,
      "accuracy": 1.0
    },
    "cancellation": {
      "count": 2,
      "accuracy": 1.0
    },
    "cancellation_intent": {
      "count": 12,
      "accuracy": 1.0
    },
    "coding_billing": {
      "count": 2,
      "accuracy": 1.0
    },
    "coding_routing": {
      "count": 4,
      "accuracy": 1.0
    },
    "duplicate": {
      "count": 4,
      "accuracy": 1.0
    },
    "duplicate_issue": {
      "count": 2,
      "accuracy": 1.0
    },
    "duplicate_reports": {
      "count": 14,
      "accuracy": 0.9285714285714286
    },
    "eligibility": {
      "count": 12,
      "accuracy": 0.6666666666666666
    },
    "email_screening": {
      "count": 12,
      "accuracy": 0.9166666666666666
    },
    "events_timeline": {
      "count": 12,
      "accuracy": 0.6666666666666666
    },
    "everyday": {
      "count": 14,
      "accuracy": 1.0
    },
    "evidence_presence": {
      "count": 12,
      "accuracy": 1.0
    },
    "mixed_intent": {
      "count": 2,
      "accuracy": 1.0
    },
    "negation": {
      "count": 14,
      "accuracy": 0.9285714285714286
    },
    "numeric_criteria": {
      "count": 12,
      "accuracy": 0.8333333333333334
    },
    "permissions": {
      "count": 12,
      "accuracy": 0.8333333333333334
    },
    "quoted_instructions": {
      "count": 12,
      "accuracy": 0.9166666666666666
    },
    "reference": {
      "count": 2,
      "accuracy": 1.0
    },
    "refund": {
      "count": 8,
      "accuracy": 1.0
    },
    "refund_intent": {
      "count": 14,
      "accuracy": 1.0
    },
    "reported_speech": {
      "count": 2,
      "accuracy": 1.0
    },
    "request_routing": {
      "count": 2,
      "accuracy": 1.0
    },
    "routing": {
      "count": 12,
      "accuracy": 0.9166666666666666
    },
    "spam_promotion": {
      "count": 12,
      "accuracy": 0.8333333333333334
    },
    "urgency": {
      "count": 18,
      "accuracy": 1.0
    }
  },
  "majority_accuracy": 0.5,
  "p50_ms": 153.41207899996334,
  "p95_ms": 241.4311778500405,
  "choice_accuracy": 0.9,
  "choice_count": 10,
  "choice_log_loss": 0.206902472845037,
  "choice_by_family": {
    "support_routing": {
      "count": 2,
      "accuracy": 1.0
    },
    "request_type": {
      "count": 2,
      "accuracy": 1.0
    },
    "sentiment": {
      "count": 1,
      "accuracy": 0.0
    },
    "urgency_level": {
      "count": 2,
      "accuracy": 1.0
    },
    "language_of_text": {
      "count": 1,
      "accuracy": 1.0
    },
    "day_or_time_lookup": {
      "count": 1,
      "accuracy": 1.0
    },
    "unit_or_quantity": {
      "count": 1,
      "accuracy": 1.0
    }
  },
  "split": "calibration",
  "temperature": 3.019951720402017,
  "bundle": "models/large-last",
  "model_sha256": "c545b12e750b3f07182ce2768eae5d3f974970a7cc52b2659c6895757f2dc820",
  "data_sha256": {
    "/content/dg/data/seed.jsonl": "cef1201c94d55a56679e95eeba0a8b3f075a9a7ba9a745922fd723d77562c495",
    "/content/dg/data/plain-questions.jsonl": "863b5b3817b9b2ce60efbdfabb55bbbc1b89fce7a88acc60717175fb8ae1c830",
    "data/expansion-v2.jsonl": "bae3edb1bd35855dcb4d5c346efd0fcdaae3b28ef219d7f8f06f1634f899810e",
    "data/choices.jsonl": "bc818e5cae7957ba42b0bb472a99c7522d7deac1bd371b4b5c5e1153246efaeb",
    "data/v4/appointment_intent.jsonl": "956804d5c4341501f1282af78a6d6716a3dbef3d159ce035cf1ccdb2212b5d29",
    "data/v4/cancellation_intent.jsonl": "9d3de9b007c29096edd48ee14485cef2f5d7fb3010f3d5eeffb99d0488d1e2c7",
    "data/v4/duplicate_reports.jsonl": "4f6079a9bcdd28b2b9a27f062f70a2686462cf5ec015dac3c1fef6199c80e8f1",
    "data/v4/eligibility.jsonl": "61156503cd298c67d4ced01bc2405adb20e834d11723a4aa9df3d6ebaf71c0fd",
    "data/v4/email_screening.jsonl": "c5590d8705d4ef7f0cae3721b5f8dca9b5add4af2611f174a956f174ee8e0701",
    "data/v4/events_timeline.jsonl": "dd1fab80e382bbdba3e1723104b093ba834b22a2cf0733a1bc18da09cbc49212",
    "data/v4/everyday.jsonl": "dfdbbb1067bc13f170b1f61cd4a15cfe26d8e9ababe72b6a723ad974d978d212",
    "data/v4/evidence_presence.jsonl": "087c14ef2979678d5ecc1f3dbec29675dbd35a50fc62e91c4b9a1e8882c894ef",
    "data/v4/negation.jsonl": "904db1b9a6182f8380dc90e721bc5921544818005165bfc4bcdf3a4d921302e4",
    "data/v4/numeric_criteria.jsonl": "bc6ea2631db10a7f0cdc2711bb42358975416d1a83bd21e951d3f44ae16e3ba8",
    "data/v4/permissions.jsonl": "e2206f577a0670f83e5d6e4d2620c5e412bc79557fba6a6ad5d8b35aa5179096",
    "data/v4/quoted_instructions.jsonl": "5d1d039310f4ad6c46d991f8bd214f512dd656707a5915101b86c9e3d5ff9dad",
    "data/v4/refund_intent.jsonl": "13924eb2a5b077682d23bfe4863b50b7aa0efe1c6f409ee2a8555fb23b2d6ae5",
    "data/v4/routing.jsonl": "b0570922e4553ee0f8b9a3d2062e986d2285aadd68b85f3f731a0ea2fffeb14c",
    "data/v4/spam_promotion.jsonl": "37be05675ae938eb42fc5ac9898e0eff37499956e6e68a3785f2599c8e937df5",
    "data/v4/urgency.jsonl": "37375eb8b816381f744cefd3b84f7006ae788bf6b710237de7aba4b228cd6bbf"
  },
  "constant_half_brier": 0.25,
  "constant_half_log_loss": 0.6931471805599453,
  "note": "Synthetic unreviewed pilot; these timings are not the 1000-call release benchmark."
}
{
  "count": 448,
  "accuracy": 0.9486607142857143,
  "balanced_accuracy": 0.9486607142857143,
  "brier": 0.041763711021847776,
  "log_loss": 0.16331954743037638,
  "by_family": {
    "appointment": {
      "count": 10,
      "accuracy": 1.0
    },
    "appointment_intent": {
      "count": 26,
      "accuracy": 1.0
    },
    "boundary_budget": {
      "count": 2,
      "accuracy": 1.0
    },
    "boundary_distance": {
      "count": 2,
      "accuracy": 1.0
    },
    "boundary_duration": {
      "count": 2,
      "accuracy": 0.5
    },
    "boundary_ratio": {
      "count": 2,
      "accuracy": 0.5
    },
    "boundary_stock": {
      "count": 2,
      "accuracy": 0.5
    },
    "cancellation": {
      "count": 2,
      "accuracy": 1.0
    },
    "cancellation_intent": {
      "count": 22,
      "accuracy": 1.0
    },
    "coding_billing": {
      "count": 2,
      "accuracy": 1.0
    },
    "coding_routing": {
      "count": 8,
      "accuracy": 1.0
    },
    "conditions": {
      "count": 2,
      "accuracy": 0.5
    },
    "duplicate": {
      "count": 8,
      "accuracy": 1.0
    },
    "duplicate_issue": {
      "count": 2,
      "accuracy": 1.0
    },
    "duplicate_reports": {
      "count": 26,
      "accuracy": 0.9615384615384616
    },
    "eligibility": {
      "count": 22,
      "accuracy": 0.9090909090909091
    },
    "email_screening": {
      "count": 22,
      "accuracy": 0.9545454545454546
    },
    "events_timeline": {
      "count": 22,
      "accuracy": 0.9545454545454546
    },
    "everyday": {
      "count": 24,
      "accuracy": 1.0
    },
    "evidence_presence": {
      "count": 22,
      "accuracy": 0.9545454545454546
    },
    "mixed_intent": {
      "count": 4,
      "accuracy": 1.0
    },
    "negation": {
      "count": 26,
      "accuracy": 1.0
    },
    "numeric_criteria": {
      "count": 22,
      "accuracy": 0.7727272727272727
    },
    "permission": {
      "count": 2,
      "accuracy": 1.0
    },
    "permissions": {
      "count": 22,
      "accuracy": 0.9545454545454546
    },
    "quoted_instructions": {
      "count": 22,
      "accuracy": 0.8636363636363636
    },
    "reference": {
      "count": 2,
      "accuracy": 1.0
    },
    "refund": {
      "count": 10,
      "accuracy": 1.0
    },
    "refund_intent": {
      "count": 26,
      "accuracy": 1.0
    },
    "reported_speech": {
      "count": 2,
      "accuracy": 1.0
    },
    "request_routing": {
      "count": 4,
      "accuracy": 1.0
    },
    "routing": {
      "count": 22,
      "accuracy": 0.9545454545454546
    },
    "spam_promotion": {
      "count": 22,
      "accuracy": 0.9090909090909091
    },
    "temporal": {
      "count": 2,
      "accuracy": 1.0
    },
    "urgency": {
      "count": 30,
      "accuracy": 0.9666666666666667
    }
  },
  "majority_accuracy": 0.5,
  "p50_ms": 152.57975000008628,
  "p95_ms": 240.91709705000986,
  "choice_accuracy": 0.8888888888888888,
  "choice_count": 18,
  "choice_log_loss": 0.20720029114871877,
  "choice_by_family": {
    "support_routing": {
      "count": 3,
      "accuracy": 0.6666666666666666
    },
    "request_type": {
      "count": 3,
      "accuracy": 1.0
    },
    "sentiment": {
      "count": 2,
      "accuracy": 0.5
    },
    "urgency_level": {
      "count": 3,
      "accuracy": 1.0
    },
    "language_of_text": {
      "count": 2,
      "accuracy": 1.0
    },
    "day_or_time_lookup": {
      "count": 3,
      "accuracy": 1.0
    },
    "unit_or_quantity": {
      "count": 2,
      "accuracy": 1.0
    }
  },
  "split": "validation",
  "temperature": 3.019951720402017,
  "bundle": "models/large-last",
  "model_sha256": "c545b12e750b3f07182ce2768eae5d3f974970a7cc52b2659c6895757f2dc820",
  "data_sha256": {
    "/content/dg/data/seed.jsonl": "cef1201c94d55a56679e95eeba0a8b3f075a9a7ba9a745922fd723d77562c495",
    "/content/dg/data/plain-questions.jsonl": "863b5b3817b9b2ce60efbdfabb55bbbc1b89fce7a88acc60717175fb8ae1c830",
    "data/expansion-v2.jsonl": "bae3edb1bd35855dcb4d5c346efd0fcdaae3b28ef219d7f8f06f1634f899810e",
    "data/choices.jsonl": "bc818e5cae7957ba42b0bb472a99c7522d7deac1bd371b4b5c5e1153246efaeb",
    "data/v4/appointment_intent.jsonl": "956804d5c4341501f1282af78a6d6716a3dbef3d159ce035cf1ccdb2212b5d29",
    "data/v4/cancellation_intent.jsonl": "9d3de9b007c29096edd48ee14485cef2f5d7fb3010f3d5eeffb99d0488d1e2c7",
    "data/v4/duplicate_reports.jsonl": "4f6079a9bcdd28b2b9a27f062f70a2686462cf5ec015dac3c1fef6199c80e8f1",
    "data/v4/eligibility.jsonl": "61156503cd298c67d4ced01bc2405adb20e834d11723a4aa9df3d6ebaf71c0fd",
    "data/v4/email_screening.jsonl": "c5590d8705d4ef7f0cae3721b5f8dca9b5add4af2611f174a956f174ee8e0701",
    "data/v4/events_timeline.jsonl": "dd1fab80e382bbdba3e1723104b093ba834b22a2cf0733a1bc18da09cbc49212",
    "data/v4/everyday.jsonl": "dfdbbb1067bc13f170b1f61cd4a15cfe26d8e9ababe72b6a723ad974d978d212",
    "data/v4/evidence_presence.jsonl": "087c14ef2979678d5ecc1f3dbec29675dbd35a50fc62e91c4b9a1e8882c894ef",
    "data/v4/negation.jsonl": "904db1b9a6182f8380dc90e721bc5921544818005165bfc4bcdf3a4d921302e4",
    "data/v4/numeric_criteria.jsonl": "bc6ea2631db10a7f0cdc2711bb42358975416d1a83bd21e951d3f44ae16e3ba8",
    "data/v4/permissions.jsonl": "e2206f577a0670f83e5d6e4d2620c5e412bc79557fba6a6ad5d8b35aa5179096",
    "data/v4/quoted_instructions.jsonl": "5d1d039310f4ad6c46d991f8bd214f512dd656707a5915101b86c9e3d5ff9dad",
    "data/v4/refund_intent.jsonl": "13924eb2a5b077682d23bfe4863b50b7aa0efe1c6f409ee2a8555fb23b2d6ae5",
    "data/v4/routing.jsonl": "b0570922e4553ee0f8b9a3d2062e986d2285aadd68b85f3f731a0ea2fffeb14c",
    "data/v4/spam_promotion.jsonl": "37be05675ae938eb42fc5ac9898e0eff37499956e6e68a3785f2599c8e937df5",
    "data/v4/urgency.jsonl": "37375eb8b816381f744cefd3b84f7006ae788bf6b710237de7aba4b228cd6bbf"
  },
  "constant_half_brier": 0.25,
  "constant_half_log_loss": 0.6931471805599453,
  "note": "Synthetic unreviewed pilot; these timings are not the 1000-call release benchmark."
}
{
  "count": 480,
  "accuracy": 0.8979166666666667,
  "balanced_accuracy": 0.8979166666666667,
  "brier": 0.08181788929140096,
  "log_loss": 0.27337706749917245,
  "by_family": {
    "appointment_intent": {
      "count": 30,
      "accuracy": 0.9
    },
    "cancellation_intent": {
      "count": 30,
      "accuracy": 1.0
    },
    "duplicate_reports": {
      "count": 30,
      "accuracy": 0.8
    },
    "eligibility": {
      "count": 30,
      "accuracy": 0.7666666666666667
    },
    "email_screening": {
      "count": 30,
      "accuracy": 0.9666666666666667
    },
    "events_timeline": {
      "count": 30,
      "accuracy": 0.9
    },
    "everyday": {
      "count": 30,
      "accuracy": 1.0
    },
    "evidence_presence": {
      "count": 30,
      "accuracy": 0.9333333333333333
    },
    "negation": {
      "count": 30,
      "accuracy": 1.0
    },
    "numeric_criteria": {
      "count": 30,
      "accuracy": 0.6333333333333333
    },
    "permissions": {
      "count": 30,
      "accuracy": 0.7666666666666667
    },
    "quoted_instructions": {
      "count": 30,
      "accuracy": 1.0
    },
    "refund_intent": {
      "count": 30,
      "accuracy": 0.9666666666666667
    },
    "routing": {
      "count": 30,
      "accuracy": 0.9666666666666667
    },
    "spam_promotion": {
      "count": 30,
      "accuracy": 0.9
    },
    "urgency": {
      "count": 30,
      "accuracy": 0.8666666666666667
    }
  },
  "majority_accuracy": 0.5,
  "p50_ms": 185.32221350005784,
  "p95_ms": 244.66543155001543,
  "split": "test",
  "temperature": 3.019951720402017,
  "bundle": "models/large-last",
  "model_sha256": "c545b12e750b3f07182ce2768eae5d3f974970a7cc52b2659c6895757f2dc820",
  "data_sha256": {
    "data/v4/test-1.jsonl": "3cb7a03974c818c659379b701a6b0639e08bc717d174c0899ddd0e75b3e7d136",
    "data/v4/test-2.jsonl": "bd33dc973bb795ace1a4055f53f309c3a7a821982b3256ad0346f9c0562a1e4a",
    "data/v4/test-3.jsonl": "9c4ef367557ed8bff89874a89dec91a70ba642eca3047676857b8909072e8595",
    "data/v4/test-4.jsonl": "ad33a3bde136c7ddea47872b020fc279f3a38e5dd1d80b2e32ec2ab09c9dc8fd"
  },
  "constant_half_brier": 0.25,
  "constant_half_log_loss": 0.6931471805599453,
  "note": "Synthetic unreviewed pilot; these timings are not the 1000-call release benchmark."
}
{
  "count": 80,
  "accuracy": 0.9375,
  "balanced_accuracy": 0.9375,
  "brier": 0.05051644996651501,
  "log_loss": 0.18960598051274502,
  "by_family": {
    "appointment_intent": {
      "count": 7,
      "accuracy": 1.0
    },
    "cancellation_intent": {
      "count": 7,
      "accuracy": 1.0
    },
    "coding_billing": {
      "count": 7,
      "accuracy": 1.0
    },
    "duplicate_reports": {
      "count": 7,
      "accuracy": 1.0
    },
    "eligibility": {
      "count": 7,
      "accuracy": 0.8571428571428571
    },
    "events": {
      "count": 7,
      "accuracy": 1.0
    },
    "negation": {
      "count": 5,
      "accuracy": 1.0
    },
    "numeric_criteria": {
      "count": 11,
      "accuracy": 0.6363636363636364
    },
    "permissions": {
      "count": 8,
      "accuracy": 1.0
    },
    "quoted_instructions": {
      "count": 5,
      "accuracy": 1.0
    },
    "refund_intent": {
      "count": 9,
      "accuracy": 1.0
    }
  },
  "majority_accuracy": 0.5,
  "p50_ms": 120.53010949989584,
  "p95_ms": 152.2745637500975,
  "split": "test",
  "temperature": 3.019951720402017,
  "bundle": "models/large-last",
  "model_sha256": "c545b12e750b3f07182ce2768eae5d3f974970a7cc52b2659c6895757f2dc820",
  "data_sha256": {
    "data/evaluation-v2.jsonl": "ffda37e4ea80042a0a78c5be266c836c1ff3b6f13bffebe20c07553e0d1fb528"
  },
  "constant_half_brier": 0.25,
  "constant_half_log_loss": 0.6931471805599453,
  "note": "Synthetic unreviewed pilot; these timings are not the 1000-call release benchmark."
}
{
  "count": 52,
  "accuracy": 0.8846153846153846,
  "balanced_accuracy": 0.8846153846153846,
  "brier": 0.07846380045880881,
  "log_loss": 0.24592662233748766,
  "by_family": {
    "appointment": {
      "count": 4,
      "accuracy": 1.0
    },
    "appointment_intent": {
      "count": 2,
      "accuracy": 1.0
    },
    "coding_routing": {
      "count": 4,
      "accuracy": 1.0
    },
    "duplicate": {
      "count": 4,
      "accuracy": 1.0
    },
    "duplicate_reports": {
      "count": 2,
      "accuracy": 0.5
    },
    "permission": {
      "count": 10,
      "accuracy": 0.9
    },
    "refund": {
      "count": 4,
      "accuracy": 1.0
    },
    "refund_intent": {
      "count": 2,
      "accuracy": 1.0
    },
    "request_routing": {
      "count": 6,
      "accuracy": 1.0
    },
    "timeline": {
      "count": 10,
      "accuracy": 0.6
    },
    "urgency": {
      "count": 4,
      "accuracy": 1.0
    }
  },
  "majority_accuracy": 0.5,
  "p50_ms": 199.66821400021217,
  "p95_ms": 221.2282889002381,
  "choice_accuracy": 1.0,
  "choice_count": 20,
  "choice_log_loss": 0.10564584066523404,
  "choice_by_family": {
    "support_routing": {
      "count": 2,
      "accuracy": 1.0
    },
    "urgency_level": {
      "count": 2,
      "accuracy": 1.0
    },
    "unit_or_quantity": {
      "count": 2,
      "accuracy": 1.0
    },
    "document_type": {
      "count": 7,
      "accuracy": 1.0
    },
    "animal_or_object": {
      "count": 7,
      "accuracy": 1.0
    }
  },
  "split": "test",
  "temperature": 3.019951720402017,
  "bundle": "models/large-last",
  "model_sha256": "c545b12e750b3f07182ce2768eae5d3f974970a7cc52b2659c6895757f2dc820",
  "data_sha256": {
    "/content/dg/data/seed.jsonl": "cef1201c94d55a56679e95eeba0a8b3f075a9a7ba9a745922fd723d77562c495",
    "/content/dg/data/plain-questions.jsonl": "863b5b3817b9b2ce60efbdfabb55bbbc1b89fce7a88acc60717175fb8ae1c830",
    "data/expansion-v2.jsonl": "bae3edb1bd35855dcb4d5c346efd0fcdaae3b28ef219d7f8f06f1634f899810e",
    "data/choices.jsonl": "bc818e5cae7957ba42b0bb472a99c7522d7deac1bd371b4b5c5e1153246efaeb",
    "data/v4/appointment_intent.jsonl": "956804d5c4341501f1282af78a6d6716a3dbef3d159ce035cf1ccdb2212b5d29",
    "data/v4/cancellation_intent.jsonl": "9d3de9b007c29096edd48ee14485cef2f5d7fb3010f3d5eeffb99d0488d1e2c7",
    "data/v4/duplicate_reports.jsonl": "4f6079a9bcdd28b2b9a27f062f70a2686462cf5ec015dac3c1fef6199c80e8f1",
    "data/v4/eligibility.jsonl": "61156503cd298c67d4ced01bc2405adb20e834d11723a4aa9df3d6ebaf71c0fd",
    "data/v4/email_screening.jsonl": "c5590d8705d4ef7f0cae3721b5f8dca9b5add4af2611f174a956f174ee8e0701",
    "data/v4/events_timeline.jsonl": "dd1fab80e382bbdba3e1723104b093ba834b22a2cf0733a1bc18da09cbc49212",
    "data/v4/everyday.jsonl": "dfdbbb1067bc13f170b1f61cd4a15cfe26d8e9ababe72b6a723ad974d978d212",
    "data/v4/evidence_presence.jsonl": "087c14ef2979678d5ecc1f3dbec29675dbd35a50fc62e91c4b9a1e8882c894ef",
    "data/v4/negation.jsonl": "904db1b9a6182f8380dc90e721bc5921544818005165bfc4bcdf3a4d921302e4",
    "data/v4/numeric_criteria.jsonl": "bc6ea2631db10a7f0cdc2711bb42358975416d1a83bd21e951d3f44ae16e3ba8",
    "data/v4/permissions.jsonl": "e2206f577a0670f83e5d6e4d2620c5e412bc79557fba6a6ad5d8b35aa5179096",
    "data/v4/quoted_instructions.jsonl": "5d1d039310f4ad6c46d991f8bd214f512dd656707a5915101b86c9e3d5ff9dad",
    "data/v4/refund_intent.jsonl": "13924eb2a5b077682d23bfe4863b50b7aa0efe1c6f409ee2a8555fb23b2d6ae5",
    "data/v4/routing.jsonl": "b0570922e4553ee0f8b9a3d2062e986d2285aadd68b85f3f731a0ea2fffeb14c",
    "data/v4/spam_promotion.jsonl": "37be05675ae938eb42fc5ac9898e0eff37499956e6e68a3785f2599c8e937df5",
    "data/v4/urgency.jsonl": "37375eb8b816381f744cefd3b84f7006ae788bf6b710237de7aba4b228cd6bbf"
  },
  "constant_half_brier": 0.25,
  "constant_half_log_loss": 0.6931471805599453,
  "note": "Synthetic unreviewed pilot; these timings are not the 1000-call release benchmark."
}
{
  "count": 32,
  "accuracy": 0.90625,
  "balanced_accuracy": 0.90625,
  "brier": 0.07973228982327445,
  "log_loss": 0.2810786943923526,
  "by_family": {
    "spam_marketing_comment": {
      "count": 32,
      "accuracy": 0.90625
    }
  },
  "majority_accuracy": 0.5,
  "p50_ms": 147.5493389998519,
  "p95_ms": 368.42489934981586,
  "split": "test",
  "temperature": 3.019951720402017,
  "bundle": "models/large-last",
  "model_sha256": "c545b12e750b3f07182ce2768eae5d3f974970a7cc52b2659c6895757f2dc820",
  "data_sha256": {
    "data/spam-comments-test.jsonl": "bedc56db7877d5824c86366913dfaf715d398301dfa390eb50cb9448096a7fd2"
  },
  "constant_half_brier": 0.25,
  "constant_half_log_loss": 0.6931471805599453,
  "note": "Synthetic unreviewed pilot; these timings are not the 1000-call release benchmark."
}
{
  "count": 40,
  "accuracy": 0.875,
  "balanced_accuracy": 0.875,
  "brier": 0.10921746374521395,
  "log_loss": 0.35447219158647797,
  "by_family": {
    "email_address_presence": {
      "count": 40,
      "accuracy": 0.875
    }
  },
  "majority_accuracy": 0.5,
  "p50_ms": 113.33327700003792,
  "p95_ms": 131.04271049983254,
  "split": "test",
  "temperature": 3.019951720402017,
  "bundle": "models/large-last",
  "model_sha256": "c545b12e750b3f07182ce2768eae5d3f974970a7cc52b2659c6895757f2dc820",
  "data_sha256": {
    "data/email-address-test.jsonl": "07f685dd065d8e70283ec031751df84c35cec71720b8e2da54521d36ec20ee87"
  },
  "constant_half_brier": 0.25,
  "constant_half_log_loss": 0.6931471805599453,
  "note": "Synthetic unreviewed pilot; these timings are not the 1000-call release benchmark."
}
POST_DONE
